Component: ARM Compiler 5.05 update 1 (build 106) Tool: armlink [4d0efa]

==============================================================================

Section Cross References

    main.o(i.Show_TempAndHumi) refers to aeabi_sdiv.o(.text) for __aeabi_idivmod
    main.o(i.Show_TempAndHumi) refers to oled.o(i.OLED_ShowNum) for OLED_ShowNum
    main.o(i.Show_TempAndHumi) refers to oled.o(i.OLED_ShowChar) for OLED_ShowChar
    main.o(i.Show_TempAndHumi) refers to oled.o(i.OLED_ShowString) for OLED_ShowString
    main.o(i.Show_TempAndHumi) refers to oled.o(i.OLED_Refresh_Gram) for OLED_Refresh_Gram
    main.o(i.Show_TempAndHumi) refers to main.o(.data) for temp
    main.o(i.main) refers to stm32f0xx_hal.o(i.HAL_Init) for HAL_Init
    main.o(i.main) refers to sys.o(i.Stm32_Clock_Init) for Stm32_Clock_Init
    main.o(i.main) refers to delay.o(i.delay_init) for delay_init
    main.o(i.main) refers to usart.o(i.uart_init) for uart_init
    main.o(i.main) refers to led.o(i.LED_Init) for LED_Init
    main.o(i.main) refers to key.o(i.KEY_Init) for KEY_Init
    main.o(i.main) refers to led.o(i.USB_Init) for USB_Init
    main.o(i.main) refers to ri.o(i.RI_Init) for RI_Init
    main.o(i.main) refers to timer.o(i.TIM3_Init) for TIM3_Init
    main.o(i.main) refers to oled.o(i.OLED_Init) for OLED_Init
    main.o(i.main) refers to uart.o(i.Tuya_Uart_Init) for Tuya_Uart_Init
    main.o(i.main) refers to mcu_api.o(i.wifi_protocol_init) for wifi_protocol_init
    main.o(i.main) refers to adc.o(i.MY_ADC_Init) for MY_ADC_Init
    main.o(i.main) refers to sht30.o(i.Sht30_Singleshot_Init) for Sht30_Singleshot_Init
    main.o(i.main) refers to delay.o(i.delay_ms) for delay_ms
    main.o(i.main) refers to text.o(i.OLED_Show_Title) for OLED_Show_Title
    main.o(i.main) refers to sht30.o(i.Sht30_GetTH_Singleshot_Poll) for Sht30_GetTH_Singleshot_Poll
    main.o(i.main) refers to adc.o(i.Get_Adc_Average) for Get_Adc_Average
    main.o(i.main) refers to fmul.o(x$fpl$fmul) for __aeabi_fmul
    main.o(i.main) refers to ffixui.o(.text) for __aeabi_f2uiz
    main.o(i.main) refers to main.o(i.Show_TempAndHumi) for Show_TempAndHumi
    main.o(i.main) refers to fflti.o(.text) for __aeabi_ui2f
    main.o(i.main) refers to flef.o(x$fpl$fleqf) for __aeabi_cfcmple
    main.o(i.main) refers to frlef.o(x$fpl$frleqf) for __aeabi_cfrcmple
    main.o(i.main) refers to mcu_api.o(i.mcu_dp_value_update) for mcu_dp_value_update
    main.o(i.main) refers to mcu_api.o(i.mcu_dp_enum_update) for mcu_dp_enum_update
    main.o(i.main) refers to ri.o(i.Device_OFF) for Device_OFF
    main.o(i.main) refers to ri.o(i.Device_ON) for Device_ON
    main.o(i.main) refers to mcu_api.o(i.wifi_uart_service) for wifi_uart_service
    main.o(i.main) refers to mcu_api.o(i.mcu_get_wifi_work_state) for mcu_get_wifi_work_state
    main.o(i.main) refers to main.o(i.__ARM_common_switch8) for __ARM_common_switch8
    main.o(i.main) refers to led.o(i.Light_Alarm) for Light_Alarm
    main.o(i.main) refers to stm32f0xx_hal_gpio.o(i.HAL_GPIO_WritePin) for HAL_GPIO_WritePin
    main.o(i.main) refers to main.o(.data) for sensor_flag
    stm32f0xx_it.o(i.SysTick_Handler) refers to stm32f0xx_hal.o(i.HAL_IncTick) for HAL_IncTick
    system_stm32f0xx.o(i.SystemCoreClockUpdate) refers to aeabi_sdiv.o(.text) for __aeabi_uidivmod
    system_stm32f0xx.o(i.SystemCoreClockUpdate) refers to system_stm32f0xx.o(.data) for SystemCoreClock
    system_stm32f0xx.o(i.SystemCoreClockUpdate) refers to system_stm32f0xx.o(.constdata) for AHBPrescTable
    delay.o(i.delay_init) refers to stm32f0xx_hal_cortex.o(i.HAL_SYSTICK_CLKSourceConfig) for HAL_SYSTICK_CLKSourceConfig
    delay.o(i.delay_init) refers to delay.o(.data) for fac_us
    delay.o(i.delay_ms) refers to delay.o(i.delay_us) for delay_us
    delay.o(i.delay_us) refers to delay.o(.data) for fac_us
    sys.o(i.Stm32_Clock_Init) refers to rt_memclr.o(.text) for __aeabi_memclr4
    sys.o(i.Stm32_Clock_Init) refers to stm32f0xx_hal_rcc.o(i.HAL_RCC_OscConfig) for HAL_RCC_OscConfig
    sys.o(i.Stm32_Clock_Init) refers to stm32f0xx_hal_rcc.o(i.HAL_RCC_ClockConfig) for HAL_RCC_ClockConfig
    usart.o(.rev16_text) refers (Special) to use_no_semi_2.o(.text) for __use_no_semihosting
    usart.o(.revsh_text) refers (Special) to use_no_semi_2.o(.text) for __use_no_semihosting
    usart.o(i.HAL_UART_MspInit) refers (Special) to use_no_semi_2.o(.text) for __use_no_semihosting
    usart.o(i.HAL_UART_MspInit) refers to stm32f0xx_hal_gpio.o(i.HAL_GPIO_Init) for HAL_GPIO_Init
    usart.o(i.HAL_UART_MspInit) refers to stm32f0xx_hal_cortex.o(i.HAL_NVIC_EnableIRQ) for HAL_NVIC_EnableIRQ
    usart.o(i.HAL_UART_MspInit) refers to stm32f0xx_hal_cortex.o(i.HAL_NVIC_SetPriority) for HAL_NVIC_SetPriority
    usart.o(i.HAL_UART_RxCpltCallback) refers (Special) to use_no_semi_2.o(.text) for __use_no_semihosting
    usart.o(i.HAL_UART_RxCpltCallback) refers to usart.o(.data) for USART_RX_STA
    usart.o(i.HAL_UART_RxCpltCallback) refers to usart.o(.bss) for USART_RX_BUF
[...]
    i.HAL_RCC_GetHCLKFreq                    0x08001770   Section        0  stm32f0xx_hal_rcc.o(i.HAL_RCC_GetHCLKFreq)
    i.HAL_RCC_GetPCLK1Freq                   0x0800177c   Section        0  stm32f0xx_hal_rcc.o(i.HAL_RCC_GetPCLK1Freq)
    i.HAL_RCC_GetSysClockFreq                0x080017a0   Section        0  stm32f0xx_hal_rcc.o(i.HAL_RCC_GetSysClockFreq)
    i.HAL_RCC_OscConfig                      0x08001870   Section        0  stm32f0xx_hal_rcc.o(i.HAL_RCC_OscConfig)
    i.HAL_SYSTICK_CLKSourceConfig            0x08001dfc   Section        0  stm32f0xx_hal_cortex.o(i.HAL_SYSTICK_CLKSourceConfig)
    i.HAL_SYSTICK_Config                     0x08001e20   Section        0  stm32f0xx_hal_cortex.o(i.HAL_SYSTICK_Config)
    i.HAL_TIMEx_BreakCallback                0x08001e58   Section        0  stm32f0xx_hal_tim_ex.o(i.HAL_TIMEx_BreakCallback)
    i.HAL_TIMEx_CommutCallback               0x08001e5a   Section        0  stm32f0xx_hal_tim_ex.o(i.HAL_TIMEx_CommutCallback)
    i.HAL_TIMEx_MasterConfigSynchronization  0x08001e5c   Section        0  stm32f0xx_hal_tim_ex.o(i.HAL_TIMEx_MasterConfigSynchronization)
    i.HAL_TIM_Base_Init                      0x08001ee0   Section        0  stm32f0xx_hal_tim.o(i.HAL_TIM_Base_Init)
    i.HAL_TIM_Base_MspInit                   0x08001f44   Section        0  timer.o(i.HAL_TIM_Base_MspInit)
    i.HAL_TIM_Base_Start_IT                  0x08001f88   Section        0  stm32f0xx_hal_tim.o(i.HAL_TIM_Base_Start_IT)
    i.HAL_TIM_ConfigClockSource              0x08001ff8   Section        0  stm32f0xx_hal_tim.o(i.HAL_TIM_ConfigClockSource)
    i.HAL_TIM_IC_CaptureCallback             0x08002108   Section        0  stm32f0xx_hal_tim.o(i.HAL_TIM_IC_CaptureCallback)
    i.HAL_TIM_IRQHandler                     0x0800210a   Section        0  stm32f0xx_hal_tim.o(i.HAL_TIM_IRQHandler)
    i.HAL_TIM_OC_DelayElapsedCallback        0x080022d2   Section        0  stm32f0xx_hal_tim.o(i.HAL_TIM_OC_DelayElapsedCallback)
    i.HAL_TIM_PWM_PulseFinishedCallback      0x080022d4   Section        0  stm32f0xx_hal_tim.o(i.HAL_TIM_PWM_PulseFinishedCallback)
    i.HAL_TIM_PeriodElapsedCallback          0x080022d8   Section        0  timer.o(i.HAL_TIM_PeriodElapsedCallback)
    i.HAL_TIM_TriggerCallback                0x0800230c   Section        0  stm32f0xx_hal_tim.o(i.HAL_TIM_TriggerCallback)
    i.HAL_UARTEx_RxEventCallback             0x0800230e   Section        0  stm32f0xx_hal_uart.o(i.HAL_UARTEx_RxEventCallback)
    i.HAL_UART_ErrorCallback                 0x08002310   Section        0  stm32f0xx_hal_uart.o(i.HAL_UART_ErrorCallback)
    i.HAL_UART_GetState                      0x08002312   Section        0  stm32f0xx_hal_uart.o(i.HAL_UART_GetState)
    i.HAL_UART_IRQHandler                    0x08002320   Section        0  stm32f0xx_hal_uart.o(i.HAL_UART_IRQHandler)
    i.HAL_UART_Init                          0x08002608   Section        0  stm32f0xx_hal_uart.o(i.HAL_UART_Init)
    i.HAL_UART_MspInit                       0x08002688   Section        0  usart.o(i.HAL_UART_MspInit)
    i.HAL_UART_Receive_IT                    0x08002798   Section        0  stm32f0xx_hal_uart.o(i.HAL_UART_Receive_IT)
    i.HAL_UART_RxCpltCallback                0x08002810   Section        0  usart.o(i.HAL_UART_RxCpltCallback)
    i.HAL_UART_TxCpltCallback                0x080028a4   Section        0  stm32f0xx_hal_uart.o(i.HAL_UART_TxCpltCallback)
    i.HardFault_Handler                      0x080028a6   Section        0  stm32f0xx_it.o(i.HardFault_Handler)
    i.IIC_Sht30_Init                         0x080028ac   Section        0  i2c.o(i.IIC_Sht30_Init)
    i.IIC_Sht30_Read_Byte                    0x0800290c   Section        0  i2c.o(i.IIC_Sht30_Read_Byte)
    i.IIC_Sht30_Start                        0x080029d0   Section        0  i2c.o(i.IIC_Sht30_Start)
    i.IIC_Sht30_Stop                         0x08002a1c   Section        0  i2c.o(i.IIC_Sht30_Stop)
    i.IIC_Sht30_Write_Byte                   0x08002a68   Section        0  i2c.o(i.IIC_Sht30_Write_Byte)
    i.KEY_Init                               0x08002b2c   Section        0  key.o(i.KEY_Init)
    i.LED_Init                               0x08002bb8   Section        0  led.o(i.LED_Init)
    i.Light_Alarm                            0x08002c14   Section        0  led.o(i.Light_Alarm)
    i.MY_ADC_Init                            0x08002c44   Section        0  adc.o(i.MY_ADC_Init)
    i.NMI_Handler                            0x08002c8c   Section        0  stm32f0xx_it.o(i.NMI_Handler)
    i.OLED_Clear                             0x08002c90   Section        0  oled.o(i.OLED_Clear)
    i.OLED_DrawPoint                         0x08002cc0   Section        0  oled.o(i.OLED_DrawPoint)
    i.OLED_Init                              0x08002d2c   Section        0  oled.o(i.OLED_Init)
    i.OLED_Refresh_Gram                      0x08002e6c   Section        0  oled.o(i.OLED_Refresh_Gram)
    i.OLED_ShowBMP                           0x08002eb8   Section        0  oled.o(i.OLED_ShowBMP)
    i.OLED_ShowChar                          0x08002f30   Section        0  oled.o(i.OLED_ShowChar)
    i.OLED_ShowNum                           0x0800302c   Section        0  oled.o(i.OLED_ShowNum)
    i.OLED_ShowString                        0x080030c6   Section        0  oled.o(i.OLED_ShowString)
    i.OLED_Show_Font                         0x08003124   Section        0  text.o(i.OLED_Show_Font)
    i.OLED_Show_Title                        0x080031dc   Section        0  text.o(i.OLED_Show_Title)
    i.OLED_Write                             0x08003280   Section        0  oled.o(i.OLED_Write)
    i.PendSV_Handler                         0x080032ec   Section        0  stm32f0xx_it.o(i.PendSV_Handler)
    i.RI_Init                                0x080032f0   Section        0  ri.o(i.RI_Init)
    i.SVC_Handler                            0x08003368   Section        0  stm32f0xx_it.o(i.SVC_Handler)
    i.Show_TempAndHumi                       0x0800336c   Section        0  main.o(i.Show_TempAndHumi)
    i.Sht30_CalcHumidity                     0x08003454   Section        0  sht30.o(i.Sht30_CalcHumidity)
    Sht30_CalcHumidity                       0x08003455   Thumb Code    28  sht30.o(i.Sht30_CalcHumidity)
    i.Sht30_CalcTemperature                  0x08003478   Section        0  sht30.o(i.Sht30_CalcTemperature)
    Sht30_CalcTemperature                    0x08003479   Thumb Code    36  sht30.o(i.Sht30_CalcTemperature)
    i.Sht30_GetTH_Singleshot_Poll            0x080034a8   Section        0  sht30.o(i.Sht30_GetTH_Singleshot_Poll)
    i.Sht30_Read2BytesAndCrc                 0x0800366c   Section        0  sht30.o(i.Sht30_Read2BytesAndCrc)
    Sht30_Read2BytesAndCrc                   0x0800366d   Thumb Code    58  sht30.o(i.Sht30_Read2BytesAndCrc)
    i.Sht30_Singleshot_Init                  0x080036a6   Section        0  sht30.o(i.Sht30_Singleshot_Init)
    i.Sht30_WriteCommand                     0x080036b4   Section        0  sht30.o(i.Sht30_WriteCommand)
    Sht30_WriteCommand                       0x080036b5   Thumb Code    24  sht30.o(i.Sht30_WriteCommand)
    i.Stm32_Clock_Init                       0x080036cc   Section        0  sys.o(i.Stm32_Clock_Init)
    i.SysTick_Handler                        0x08003720   Section        0  stm32f0xx_it.o(i.SysTick_Handler)
    i.Sys_Enter_Standby                      0x08003728   Section        0  wkup.o(i.Sys_Enter_Standby)
    i.SystemInit                             0x080037b4   Section        0  system_stm32f0xx.o(i.SystemInit)
    i.TIM3_IRQHandler                        0x08003828   Section        0  timer.o(i.TIM3_IRQHandler)
    i.TIM3_Init                              0x08003838   Section        0  timer.o(i.TIM3_Init)
    i.TIM_Base_SetConfig                     0x080038a0   Section        0  stm32f0xx_hal_tim.o(i.TIM_Base_SetConfig)
    i.TIM_ETR_SetConfig                      0x08003940   Section        0  stm32f0xx_hal_tim.o(i.TIM_ETR_SetConfig)
    i.TIM_ITRx_SetConfig                     0x0800395c   Section        0  stm32f0xx_hal_tim.o(i.TIM_ITRx_SetConfig)
    TIM_ITRx_SetConfig                       0x0800395d   Thumb Code    24  stm32f0xx_hal_tim.o(i.TIM_ITRx_SetConfig)
    i.TIM_TI1_ConfigInputStage               0x08003974   Section        0  stm32f0xx_hal_tim.o(i.TIM_TI1_ConfigInputStage)
    TIM_TI1_ConfigInputStage                 0x08003975   Thumb Code    50  stm32f0xx_hal_tim.o(i.TIM_TI1_ConfigInputStage)
    i.TIM_TI2_ConfigInputStage               0x080039a6   Section        0  stm32f0xx_hal_tim.o(i.TIM_TI2_ConfigInputStage)
    TIM_TI2_ConfigInputStage                 0x080039a7   Thumb Code    50  stm32f0xx_hal_tim.o(i.TIM_TI2_ConfigInputStage)
    i.Transmition                            0x080039d8   Section        0  ri.o(i.Transmition)
    i.Tuya_Uart_Init                         0x08003b04   Section        0  uart.o(i.Tuya_Uart_Init)
    i.UART1_SendByte                         0x08003b5c   Section        0  uart.o(i.UART1_SendByte)
    i.UART_AdvFeatureConfig                  0x08003b78   Section        0  stm32f0xx_hal_uart.o(i.UART_AdvFeatureConfig)
    i.UART_CheckIdleState                    0x08003c68   Section        0  stm32f0xx_hal_uart.o(i.UART_CheckIdleState)
    i.UART_DMAAbortOnError                   0x08003cdc   Section        0  stm32f0xx_hal_uart.o(i.UART_DMAAbortOnError)
    UART_DMAAbortOnError                     0x08003cdd   Thumb Code    24  stm32f0xx_hal_uart.o(i.UART_DMAAbortOnError)
    i.UART_EndRxTransfer                     0x08003cf4   Section        0  stm32f0xx_hal_uart.o(i.UART_EndRxTransfer)
    UART_EndRxTransfer                       0x08003cf5   Thumb Code    56  stm32f0xx_hal_uart.o(i.UART_EndRxTransfer)
    i.UART_EndTransmit_IT                    0x08003d2c   Section        0  stm32f0xx_hal_uart.o(i.UART_EndTransmit_IT)
    UART_EndTransmit_IT                      0x08003d2d   Thumb Code    32  stm32f0xx_hal_uart.o(i.UART_EndTransmit_IT)
    i.UART_RxISR_16BIT                       0x08003d4c   Section        0  stm32f0xx_hal_uart.o(i.UART_RxISR_16BIT)
    UART_RxISR_16BIT                         0x08003d4d   Thumb Code   140  stm32f0xx_hal_uart.o(i.UART_RxISR_16BIT)
    i.UART_RxISR_8BIT                        0x08003dd8   Section        0  stm32f0xx_hal_uart.o(i.UART_RxISR_8BIT)
    UART_RxISR_8BIT                          0x08003dd9   Thumb Code   140  stm32f0xx_hal_uart.o(i.UART_RxISR_8BIT)
    i.UART_SetConfig                         0x08003e64   Section        0  stm32f0xx_hal_uart.o(i.UART_SetConfig)
    i.UART_Start_Receive_IT                  0x08004000   Section        0  stm32f0xx_hal_uart.o(i.UART_Start_Receive_IT)
    i.UART_WaitOnFlagUntilTimeout            0x080040b0   Section        0  stm32f0xx_hal_uart.o(i.UART_WaitOnFlagUntilTimeout)
    i.USART1_IRQHandler                      0x08004170   Section        0  uart.o(i.USART1_IRQHandler)
    i.USART2_IRQHandler                      0x080041a0   Section        0  usart.o(i.USART2_IRQHandler)
    i.USB_Init                               0x080041e0   Section        0  led.o(i.USB_Init)
    i.WKUP_Init                              0x0800423c   Section        0  wkup.o(i.WKUP_Init)
    i.__ARM_common_ll_muluu                  0x0800424c   Section        0  stm32f0xx_hal_rcc.o(i.__ARM_common_ll_muluu)
    i.__ARM_common_switch8                   0x0800427c   Section        0  main.o(i.__ARM_common_switch8)
    i.__NVIC_SetPriority                     0x08004298   Section        0  stm32f0xx_hal_cortex.o(i.__NVIC_SetPriority)
    __NVIC_SetPriority                       0x08004299   Thumb Code   110  stm32f0xx_hal_cortex.o(i.__NVIC_SetPriority)
    i._sys_exit                              0x08004310   Section        0  usart.o(i._sys_exit)
    i.all_data_update                        0x08004314   Section        0  protocol.o(i.all_data_update)
    i.byte_to_int                            0x08004394   Section        0  mcu_api.o(i.byte_to_int)
    i.data_handle                            0x080043b0   Section        0  system.o(i.data_handle)
    i.data_point_handle                      0x0800448c   Section        0  system.o(i.data_point_handle)
    data_point_handle                        0x0800448d   Thumb Code    60  system.o(i.data_point_handle)
    i.delay_init                             0x080044cc   Section        0  delay.o(i.delay_init)
    i.delay_ms                               0x080044e0   Section        0  delay.o(i.delay_ms)
    i.delay_us                               0x080044f8   Section        0  delay.o(i.delay_us)
    i.dp_download_handle                     0x08004540   Section        0  protocol.o(i.dp_download_handle)
    i.dp_download_light_switch_handle        0x080045a6   Section        0  protocol.o(i.dp_download_light_switch_handle)
    dp_download_light_switch_handle          0x080045a7   Thumb Code    66  protocol.o(i.dp_download_light_switch_handle)
    i.dp_download_maxtemp_set_handle         0x080045e8   Section        0  protocol.o(i.dp_download_maxtemp_set_handle)
    dp_download_maxtemp_set_handle           0x080045e9   Thumb Code    40  protocol.o(i.dp_download_maxtemp_set_handle)
    i.dp_download_minitemp_set_handle        0x08004614   Section        0  protocol.o(i.dp_download_minitemp_set_handle)
    dp_download_minitemp_set_handle          0x08004615   Thumb Code    40  protocol.o(i.dp_download_minitemp_set_handle)
    i.dp_download_minlight_set_handle        0x08004640   Section        0  protocol.o(i.dp_download_minlight_set_handle)
    dp_download_minlight_set_handle          0x08004641   Thumb Code    40  protocol.o(i.dp_download_minlight_set_handle)
    i.dp_download_switch_handle              0x0800466c   Section        0  protocol.o(i.dp_download_switch_handle)
    dp_download_switch_handle                0x0800466d   Thumb Code    54  protocol.o(i.dp_download_switch_handle)
    i.fputc                                  0x080046a8   Section        0  usart.o(i.fputc)
    i.get_check_sum                          0x080046c4   Section        0  system.o(i.get_check_sum)
    i.get_dowmload_dpid_index                0x080046e0   Section        0  system.o(i.get_dowmload_dpid_index)
    get_dowmload_dpid_index                  0x080046e1   Thumb Code    40  system.o(i.get_dowmload_dpid_index)
    i.get_download_cmd_total                 0x0800470c   Section        0  protocol.o(i.get_download_cmd_total)
    i.get_mcu_wifi_mode                      0x08004710   Section        0  system.o(i.get_mcu_wifi_mode)
    get_mcu_wifi_mode                        0x08004711   Thumb Code    16  system.o(i.get_mcu_wifi_mode)
    i.heat_beat_check                        0x08004720   Section        0  system.o(i.heat_beat_check)
    heat_beat_check                          0x08004721   Thumb Code    52  system.o(i.heat_beat_check)
    i.main                                   0x08004758   Section        0  main.o(i.main)
    i.mcu_dp_bool_update                     0x08004954   Section        0  mcu_api.o(i.mcu_dp_bool_update)
    i.mcu_dp_enum_update                     0x080049bc   Section        0  mcu_api.o(i.mcu_dp_enum_update)
    i.mcu_dp_value_update                    0x08004a14   Section        0  mcu_api.o(i.mcu_dp_value_update)
    i.mcu_get_dp_download_bool               0x08004a8c   Section        0  mcu_api.o(i.mcu_get_dp_download_bool)
    i.mcu_get_dp_download_value              0x08004a92   Section        0  mcu_api.o(i.mcu_get_dp_download_value)
    i.mcu_get_wifi_work_state                0x08004aa0   Section        0  mcu_api.o(i.mcu_get_wifi_work_state)
    i.mcu_reset_wifi                         0x08004aac   Section        0  mcu_api.o(i.mcu_reset_wifi)
    i.mcu_set_wifi_mode                      0x08004ac4   Section        0  mcu_api.o(i.mcu_set_wifi_mode)
    i.my_memcpy                              0x08004aec   Section        0  mcu_api.o(i.my_memcpy)
    i.my_strlen                              0x08004b38   Section        0  mcu_api.o(i.my_strlen)
    i.mypow                                  0x08004b54   Section        0  oled.o(i.mypow)
    i.product_info_update                    0x08004b70   Section        0  system.o(i.product_info_update)
    product_info_update                      0x08004b71   Thumb Code   164  system.o(i.product_info_update)
    i.set_wifi_uart_buffer                   0x08004c50   Section        0  system.o(i.set_wifi_uart_buffer)
    i.set_wifi_uart_byte                     0x08004c74   Section        0  system.o(i.set_wifi_uart_byte)
    i.take_byte_rxbuff                       0x08004c84   Section        0  system.o(i.take_byte_rxbuff)
    i.uart_init                              0x08004cc0   Section        0  usart.o(i.uart_init)
    i.uart_receive_input                     0x08004cf8   Section        0  mcu_api.o(i.uart_receive_input)
    i.uart_transmit_output                   0x08004d50   Section        0  protocol.o(i.uart_transmit_output)
    i.wifi_protocol_init                     0x08004d5c   Section        0  mcu_api.o(i.wifi_protocol_init)
    i.wifi_test_result                       0x08004d88   Section        0  protocol.o(i.wifi_test_result)
    i.wifi_uart_service                      0x08004d94   Section        0  mcu_api.o(i.wifi_uart_service)
    i.wifi_uart_write_data                   0x08004e84   Section        0  system.o(i.wifi_uart_write_data)
    wifi_uart_write_data                     0x08004e85   Thumb Code    40  system.o(i.wifi_uart_write_data)
    i.wifi_uart_write_frame                  0x08004eac   Section        0  system.o(i.wifi_uart_write_frame)
    i.with_data_rxbuff                       0x08004ef0   Section        0  system.o(i.with_data_rxbuff)
    x$fpl$fadd                               0x08004f0c   Section      140  faddsub.o(x$fpl$fadd)
    _fadd1                                   0x08004f19   Thumb Code     0  faddsub.o(x$fpl$fadd)
    x$fpl$fleqf                              0x08004f98   Section       84  flef.o(x$fpl$fleqf)
    x$fpl$fmul                               0x08004fec   Section      176  fmul.o(x$fpl$fmul)
    x$fpl$frleqf                             0x0800509c   Section       88  frlef.o(x$fpl$frleqf)
    x$fpl$fsub                               0x080050f4   Section      208  faddsub.o(x$fpl$fsub)
    _fsub1                                   0x08005101   Thumb Code     0  faddsub.o(x$fpl$fsub)
    .constdata                               0x080051c4   Section       24  system_stm32f0xx.o(.constdata)
    x$fpl$usenofp                            0x080051c4   Section        0  usenofp.o(x$fpl$usenofp)
    .constdata                               0x080051dc   Section     6080  oled.o(.constdata)
    .constdata                               0x0800699c   Section     2056  text.o(.constdata)
    .constdata                               0x080071a4   Section       20  protocol.o(.constdata)
    .constdata                               0x080071b8   Section       40  _printf_hex_int.o(.constdata)
    uc_hextab                                0x080071b8   Data          20  _printf_hex_int.o(.constdata)
    lc_hextab                                0x080071cc   Data          20  _printf_hex_int.o(.constdata)
    .constdata                               0x080071e0   Section       64  fdiv.o(.constdata)
    fdiv_tab                                 0x080071e0   Data          64  fdiv.o(.constdata)
    .data                                    0x20000000   Section       13  main.o(.data)
    .data                                    0x20000010   Section        4  system_stm32f0xx.o(.data)
    .data                                    0x20000014   Section        4  delay.o(.data)
    fac_us                                   0x20000014   Data           4  delay.o(.data)
    .data                                    0x20000018   Section        7  usart.o(.data)
    .data                                    0x20000020   Section        9  stm32f0xx_hal.o(.data)
    .data                                    0x20000029   Section        1  timer.o(.data)
    times                                    0x20000029   Data           1  timer.o(.data)
    .data                                    0x2000002a   Section       12  ri.o(.data)
    .data                                    0x20000036   Section        2  mcu_api.o(.data)
    rx_in                                    0x20000036   Data           2  mcu_api.o(.data)
    .data                                    0x20000038   Section       13  system.o(.data)
    mcu_reset_state                          0x20000044   Data           1  system.o(.data)
    .bss                                     0x20000048   Section      332  usart.o(.bss)
    .bss                                     0x20000194   Section      132  uart.o(.bss)
    .bss                                     0x20000218   Section       72  timer.o(.bss)
    .bss                                     0x20000260   Section     1024  oled.o(.bss)
    OLED_GRAM                                0x20000260   Data        1024  oled.o(.bss)
    .bss                                     0x20000660   Section       64  adc.o(.bss)
    .bss                                     0x200006a0   Section      109  system.o(.bss)
    .bss                                     0x20000710   Section       96  libspace.o(.bss)
    HEAP                                     0x20000770   Section      512  startup_stm32f030x8.o(HEAP)
    Heap_Mem                                 0x20000770   Data         512  startup_stm32f030x8.o(HEAP)
    STACK                                    0x20000970   Section     1024  startup_stm32f030x8.o(STACK)
    Stack_Mem                                0x20000970   Data        1024  startup_stm32f030x8.o(STACK)
    __initial_sp                             0x20000d70   Data           0  startup_stm32f030x8.o(STACK)

    Global Symbols

    Symbol Name                              Value     Ov Type        Size  Object(Section)

    BuildAttributes$$THM_ISAv3M$S$PE$A:L22$X:L11$S22$IEEE1$IW$USESV6$~STKCKD$USESV7$~SHL$OSPACE$ROPI$EBA8$UX$STANDARDLIB$REQ8$PRES8$EABIv2 0x00000000   Number         0  anon$$obj.o ABSOLUTE
    __ARM_use_no_argv                        0x00000000   Number         0  main.o ABSOLUTE
    __ARM_exceptions_init                     - Undefined Weak Reference
    __alloca_initialize                       - Undefined Weak Reference
    __arm_preinit_                            - Undefined Weak Reference
    __cpp_initialize__aeabi_                  - Undefined Weak Reference
    __cxa_finalize                            - Undefined Weak Reference
    __rt_locale                               - Undefined Weak Reference
    __sigvec_lookup                           - Undefined Weak Reference
    _atexit_init                              - Undefined Weak Reference
    _call_atexit_fns                          - Undefined Weak Reference
    _clock_init                               - Undefined Weak Reference
    _fp_trap_init                             - Undefined Weak Reference
    _fp_trap_shutdown                         - Undefined Weak Reference
    _get_lc_collate                           - Undefined Weak Reference
    _get_lc_ctype                             - Undefined Weak Reference
    _get_lc_monetary                          - Undefined Weak Reference
    _get_lc_numeric                           - Undefined Weak Reference
    _get_lc_time                              - Undefined Weak Reference
    _getenv_init                              - Undefined Weak Reference
    _handle_redirection                       - Undefined Weak Reference
    _init_alloc                               - Undefined Weak Reference
    _init_user_alloc                          - Undefined Weak Reference
    _initio                                   - Undefined Weak Reference
    _mutex_acquire                            - Undefined Weak Reference
    _mutex_release                            - Undefined Weak Reference
    _printf_post_padding                      - Undefined Weak Reference
    _printf_pre_padding                       - Undefined Weak Reference
    _printf_truncate_signed                   - Undefined Weak Reference
    _printf_truncate_unsigned                 - Undefined Weak Reference
    _rand_init                                - Undefined Weak Reference
    _signal_finish                            - Undefined Weak Reference
    _signal_init                              - Undefined Weak Reference
    _terminate_alloc                          - Undefined Weak Reference
    _terminate_user_alloc                     - Undefined Weak Reference
    _terminateio                              - Undefined Weak Reference
    __Vectors_Size                           0x000000b4   Number         0  startup_stm32f030x8.o ABSOLUTE
    __Vectors                                0x08000000   Data           4  startup_stm32f030x8.o(RESET)
    __Vectors_End                            0x080000b4   Data           0  startup_stm32f030x8.o(RESET)
    __main                                   0x080000b5   Thumb Code     8  __main.o(!!!main)
    __scatterload                            0x080000bd   Thumb Code     0  __scatter.o(!!!scatter)
    __scatterload_rt2                        0x080000bd   Thumb Code    52  __scatter.o(!!!scatter)
    __scatterload_rt2_thumb_only             0x080000bd   Thumb Code     0  __scatter.o(!!!scatter)
    __scatterload_null                       0x080000cd   Thumb Code     0  __scatter.o(!!!scatter)
    __scatterload_copy                       0x080000f9   Thumb Code    26  __scatter_copy.o(!!handler_copy)
    __scatterload_zeroinit                   0x08000115   Thumb Code    28  __scatter_zi.o(!!handler_zi)
    _printf_percent                          0x08000131   Thumb Code     0  _printf_percent.o(.ARM.Collect$$_printf_percent$$00000000)
    _printf_d                                0x08000133   Thumb Code     0  _printf_d.o(.ARM.Collect$$_printf_percent$$00000009)
    _printf_x                                0x0800013d   Thumb Code     0  _printf_x.o(.ARM.Collect$$_printf_percent$$0000000C)
    _printf_percent_end                      0x08000147   Thumb Code     0  _printf_percent_end.o(.ARM.Collect$$_printf_percent$$00000017)
    __rt_lib_init                            0x0800014b   Thumb Code     0  libinit.o(.ARM.Collect$$libinit$$00000000)
    __rt_lib_init_alloca_1                   0x0800014d   Thumb Code     0  libinit2.o(.ARM.Collect$$libinit$$0000002E)
    __rt_lib_init_argv_1                     0x0800014d   Thumb Code     0  libinit2.o(.ARM.Collect$$libinit$$0000002C)
    __rt_lib_init_atexit_1                   0x0800014d   Thumb Code     0  libinit2.o(.ARM.Collect$$libinit$$0000001B)
    __rt_lib_init_clock_1                    0x0800014d   Thumb Code     0  libinit2.o(.ARM.Collect$$libinit$$00000021)
    __rt_lib_init_cpp_1                      0x0800014d   Thumb Code     0  libinit2.o(.ARM.Collect$$libinit$$00000032)
    __rt_lib_init_exceptions_1               0x0800014d   Thumb Code     0  libinit2.o(.ARM.Collect$$libinit$$00000030)
    __rt_lib_init_fp_1                       0x0800014d   Thumb Code     0  libinit2.o(.ARM.Collect$$libinit$$00000002)
    __rt_lib_init_fp_trap_1                  0x0800014d   Thumb Code     0  libinit2.o(.ARM.Collect$$libinit$$0000001F)
    __rt_lib_init_getenv_1                   0x0800014d   Thumb Code     0  libinit2.o(.ARM.Collect$$libinit$$00000023)
    __rt_lib_init_heap_1                     0x0800014d   Thumb Code     0  libinit2.o(.ARM.Collect$$libinit$$0000000A)
    __rt_lib_init_lc_collate_1               0x0800014d   Thumb Code     0  libinit2.o(.ARM.Collect$$libinit$$00000011)
    __rt_lib_init_lc_ctype_1                 0x0800014d   Thumb Code     0  libinit2.o(.ARM.Collect$$libinit$$00000013)
    __rt_lib_init_lc_monetary_1              0x0800014d   Thumb Code     0  libinit2.o(.ARM.Collect$$libinit$$00000015)
    __rt_lib_init_lc_numeric_1               0x0800014d   Thumb Code     0  libinit2.o(.ARM.Collect$$libinit$$00000017)
    __rt_lib_init_lc_time_1                  0x0800014d   Thumb Code     0  libinit2.o(.ARM.Collect$$libinit$$00000019)
    __rt_lib_init_preinit_1                  0x0800014d   Thumb Code     0  libinit2.o(.ARM.Collect$$libinit$$00000004)
    __rt_lib_init_rand_1                     0x0800014d   Thumb Code     0  libinit2.o(.ARM.Collect$$libinit$$0000000E)
    __rt_lib_init_return                     0x0800014d   Thumb Code     0  libinit2.o(.ARM.Collect$$libinit$$00000033)
    __rt_lib_init_signal_1                   0x0800014d   Thumb Code     0  libinit2.o(.ARM.Collect$$libinit$$0000001D)
    __rt_lib_init_stdio_1                    0x0800014d   Thumb Code     0  libinit2.o(.ARM.Collect$$libinit$$00000025)
    __rt_lib_init_user_alloc_1               0x0800014d   Thumb Code     0  libinit2.o(.ARM.Collect$$libinit$$0000000C)
    __rt_lib_shutdown                        0x0800014f   Thumb Code     0  libshutdown.o(.ARM.Collect$$libshutdown$$00000000)
    __rt_lib_shutdown_fp_trap_1              0x08000151   Thumb Code     0  libshutdown2.o(.ARM.Collect$$libshutdown$$00000006)
    __rt_lib_shutdown_heap_1                 0x08000151   Thumb Code     0  libshutdown2.o(.ARM.Collect$$libshutdown$$0000000E)
    __rt_lib_shutdown_return                 0x08000151   Thumb Code     0  libshutdown2.o(.ARM.Collect$$libshutdown$$0000000F)
    __rt_lib_shutdown_signal_1               0x08000151   Thumb Code     0  libshutdown2.o(.ARM.Collect$$libshutdown$$00000009)
    __rt_lib_shutdown_stdio_1                0x08000151   Thumb Code     0  libshutdown2.o(.ARM.Collect$$libshutdown$$00000003)
    __rt_lib_shutdown_user_alloc_1           0x08000151   Thumb Code     0  libshutdown2.o(.ARM.Collect$$libshutdown$$0000000B)
    __rt_entry                               0x08000153   Thumb Code     0  __rtentry.o(.ARM.Collect$$rtentry$$00000000)
    __rt_entry_presh_1                       0x08000153   Thumb Code     0  __rtentry2.o(.ARM.Collect$$rtentry$$00000002)
    __rt_entry_sh                            0x08000153   Thumb Code     0  __rtentry4.o(.ARM.Collect$$rtentry$$00000004)
    __rt_entry_li                            0x08000159   Thumb Code     0  __rtentry2.o(.ARM.Collect$$rtentry$$0000000A)
    __rt_entry_postsh_1                      0x08000159   Thumb Code     0  __rtentry2.o(.ARM.Collect$$rtentry$$00000009)
    __rt_entry_main                          0x0800015d   Thumb Code     0  __rtentry2.o(.ARM.Collect$$rtentry$$0000000D)
    __rt_entry_postli_1                      0x0800015d   Thumb Code     0  __rtentry2.o(.ARM.Collect$$rtentry$$0000000C)
    __rt_exit                                0x08000165   Thumb Code     0  rtexit.o(.ARM.Collect$$rtexit$$00000000)
    __rt_exit_ls                             0x08000167   Thumb Code     0  rtexit2.o(.ARM.Collect$$rtexit$$00000003)
    __rt_exit_prels_1                        0x08000167   Thumb Code     0  rtexit2.o(.ARM.Collect$$rtexit$$00000002)
    __rt_exit_exit                           0x0800016b   Thumb Code     0  rtexit2.o(.ARM.Collect$$rtexit$$00000004)
    Reset_Handler                            0x08000171   Thumb Code     8  startup_stm32f030x8.o(.text)
    ADC1_IRQHandler                          0x08000183   Thumb Code     0  startup_stm32f030x8.o(.text)
    DMA1_Channel1_IRQHandler                 0x08000183   Thumb Code     0  startup_stm32f030x8.o(.text)
    DMA1_Channel2_3_IRQHandler               0x08000183   Thumb Code     0  startup_stm32f030x8.o(.text)
    DMA1_Channel4_5_IRQHandler               0x08000183   Thumb Code     0  startup_stm32f030x8.o(.text)
    EXTI2_3_IRQHandler                       0x08000183   Thumb Code     0  startup_stm32f030x8.o(.text)
    FLASH_IRQHandler                         0x08000183   Thumb Code     0  startup_stm32f030x8.o(.text)
    I2C1_IRQHandler                          0x08000183   Thumb Code     0  startup_stm32f030x8.o(.text)
    I2C2_IRQHandler                          0x08000183   Thumb Code     0  startup_stm32f030x8.o(.text)
    RCC_IRQHandler                           0x08000183   Thumb Code     0  startup_stm32f030x8.o(.text)
    RTC_IRQHandler                           0x08000183   Thumb Code     0  startup_stm32f030x8.o(.text)
    SPI1_IRQHandler                          0x08000183   Thumb Code     0  startup_stm32f030x8.o(.text)
    SPI2_IRQHandler                          0x08000183   Thumb Code     0  startup_stm32f030x8.o(.text)
    TIM14_IRQHandler                         0x08000183   Thumb Code     0  startup_stm32f030x8.o(.text)
    TIM15_IRQHandler                         0x08000183   Thumb Code     0  startup_stm32f030x8.o(.text)
    TIM16_IRQHandler                         0x08000183   Thumb Code     0  startup_stm32f030x8.o(.text)
    TIM17_IRQHandler                         0x08000183   Thumb Code     0  startup_stm32f030x8.o(.text)
    TIM1_BRK_UP_TRG_COM_IRQHandler           0x08000183   Thumb Code     0  startup_stm32f030x8.o(.text)
    TIM1_CC_IRQHandler                       0x08000183   Thumb Code     0  startup_stm32f030x8.o(.text)
    TIM6_IRQHandler                          0x08000183   Thumb Code     0  startup_stm32f030x8.o(.text)
    WWDG_IRQHandler                          0x08000183   Thumb Code     0  startup_stm32f030x8.o(.text)
    __user_initial_stackheap                 0x08000185   Thumb Code     0  startup_stm32f030x8.o(.text)
    __use_no_semihosting                     0x080001a9   Thumb Code     2  use_no_semi_2.o(.text)
    __aeabi_uldivmod                         0x080001ab   Thumb Code   258  lludiv.o(.text)
    _ll_udiv                                 0x080001ab   Thumb Code     0  lludiv.o(.text)
    __2printf                                0x080002ad   Thumb Code    22  noretval__2printf.o(.text)
    __printf                                 0x080002c9   Thumb Code   108  __printf.o(.text)
    _printf_int_dec                          0x08000335   Thumb Code    90  _printf_dec.o(.text)
    _printf_int_hex                          0x080003a1   Thumb Code    84  _printf_hex_int.o(.text)
    _printf_longlong_hex                     0x080003a1   Thumb Code     0  _printf_hex_int.o(.text)
    _memset_w                                0x080003f9   Thumb Code    26  rt_memclr.o(.text)
    _memset                                  0x08000413   Thumb Code    30  rt_memclr.o(.text)
    __aeabi_memclr                           0x08000431   Thumb Code     4  rt_memclr.o(.text)
    __rt_memclr                              0x08000431   Thumb Code     0  rt_memclr.o(.text)
    __aeabi_memclr4                          0x08000435   Thumb Code     0  rt_memclr.o(.text)
    __aeabi_memclr8                          0x08000435   Thumb Code     0  rt_memclr.o(.text)
    __rt_memclr_w                            0x08000435   Thumb Code     4  rt_memclr.o(.text)
    __aeabi_uidiv                            0x08000439   Thumb Code     0  aeabi_sdiv.o(.text)
    __aeabi_uidivmod                         0x08000439   Thumb Code    20  aeabi_sdiv.o(.text)
    __aeabi_idiv                             0x0800044d   Thumb Code     0  aeabi_sdiv.o(.text)
    __aeabi_idivmod                          0x0800044d   Thumb Code   326  aeabi_sdiv.o(.text)
    __use_two_region_memory                  0x08000593   Thumb Code     2  heapauxi.o(.text)
    __rt_heap_escrow$2region                 0x08000595   Thumb Code     2  heapauxi.o(.text)
    __rt_heap_expand$2region                 0x08000597   Thumb Code     2  heapauxi.o(.text)
    __aeabi_fdiv                             0x08000599   Thumb Code     0  fdiv.o(.text)
    _fdiv                                    0x08000599   Thumb Code   334  fdiv.o(.text)
    _frdiv                                   0x080006e7   Thumb Code     8  fdiv.o(.text)
    __aeabi_f2uiz                            0x080006f9   Thumb Code     0  ffixui.o(.text)
    _ffixu                                   0x080006f9   Thumb Code    48  ffixui.o(.text)
    __aeabi_i2f_normalise                    0x08000729   Thumb Code    72  fflti.o(.text)
    __aeabi_i2f                              0x08000771   Thumb Code    16  fflti.o(.text)
    _fflt                                    0x08000771   Thumb Code     0  fflti.o(.text)
    __aeabi_ui2f                             0x08000781   Thumb Code     6  fflti.o(.text)
    _ffltu                                   0x08000781   Thumb Code     0  fflti.o(.text)
    __I$use$semihosting                      0x08000787   Thumb Code     0  use_no_semi.o(.text)
    __use_no_semihosting_swi                 0x08000787   Thumb Code     2  use_no_semi.o(.text)
    _printf_int_common                       0x08000789   Thumb Code   176  _printf_intcommon.o(.text)
    _printf_char_file                        0x08000839   Thumb Code    34  _printf_char_file.o(.text)
    __rt_udiv10                              0x08000861   Thumb Code    40  rtudiv10.o(.text)
    __fpl_fcmp_InfNaN                        0x08000889   Thumb Code    96  fcmpin.o(.text)
    _printf_char_common                      0x080008f7   Thumb Code    32  _printf_char_common.o(.text)
    ferror                                   0x0800091d   Thumb Code     8  ferror.o(.text)
    __fpl_cmpreturn                          0x08000925   Thumb Code    44  cmpret.o(.text)
    __fpl_fcheck_NaN2                        0x08000955   Thumb Code    10  fnan2.o(.text)
    __user_setup_stackheap                   0x08000965   Thumb Code    62  sys_stackheap_outer.o(.text)
    exit                                     0x080009a3   Thumb Code    12  exit.o(.text)
    __fpl_return_NaN                         0x080009af   Thumb Code    94  retnan.o(.text)
    __user_libspace                          0x08000a0d   Thumb Code     8  libspace.o(.text)
    __user_perproc_libspace                  0x08000a0d   Thumb Code     0  libspace.o(.text)
    __user_perthread_libspace                0x08000a0d   Thumb Code     0  libspace.o(.text)
    Check_WKUP                               0x08000ae9   Thumb Code   104  wkup.o(i.Check_WKUP)
    Device_OFF                               0x08000b51   Thumb Code    26  ri.o(i.Device_OFF)
    Device_ON                                0x08000b71   Thumb Code    26  ri.o(i.Device_ON)
    EXTI0_1_IRQHandler                       0x08000b91   Thumb Code    10  key.o(i.EXTI0_1_IRQHandler)
    EXTI4_15_IRQHandler                      0x08000b9b   Thumb Code    16  key.o(i.EXTI4_15_IRQHandler)
    Get_Adc                                  0x08000bad   Thumb Code    54  adc.o(i.Get_Adc)
    Get_Adc_Average                          0x08000be9   Thumb Code    64  adc.o(i.Get_Adc_Average)
    HAL_ADC_ConfigChannel                    0x08000c29   Thumb Code   374  stm32f0xx_hal_adc.o(i.HAL_ADC_ConfigChannel)
    HAL_ADC_GetValue                         0x08000db1   Thumb Code     8  stm32f0xx_hal_adc.o(i.HAL_ADC_GetValue)
    HAL_ADC_Init                             0x08000db9   Thumb Code   442  stm32f0xx_hal_adc.o(i.HAL_ADC_Init)
    HAL_ADC_MspInit                          0x08000f7d   Thumb Code   106  adc.o(i.HAL_ADC_MspInit)
    HAL_ADC_PollForConversion                0x08000ff1   Thumb Code   228  stm32f0xx_hal_adc.o(i.HAL_ADC_PollForConversion)
    HAL_ADC_Start                            0x080010d5   Thumb Code   114  stm32f0xx_hal_adc.o(i.HAL_ADC_Start)
    HAL_DMA_Abort                            0x0800114d   Thumb Code    82  stm32f0xx_hal_dma.o(i.HAL_DMA_Abort)
    HAL_DMA_Abort_IT                         0x0800119f   Thumb Code    88  stm32f0xx_hal_dma.o(i.HAL_DMA_Abort_IT)
    HAL_GPIO_EXTI_Callback                   0x080011f7   Thumb Code   204  key.o(i.HAL_GPIO_EXTI_Callback)
    HAL_GPIO_EXTI_IRQHandler                 0x080012c5   Thumb Code    26  stm32f0xx_hal_gpio.o(i.HAL_GPIO_EXTI_IRQHandler)
    HAL_GPIO_Init                            0x080012e5   Thumb Code   464  stm32f0xx_hal_gpio.o(i.HAL_GPIO_Init)
    HAL_GPIO_ReadPin                         0x080014cd   Thumb Code    18  stm32f0xx_hal_gpio.o(i.HAL_GPIO_ReadPin)
    HAL_GPIO_WritePin                        0x080014df   Thumb Code    12  stm32f0xx_hal_gpio.o(i.HAL_GPIO_WritePin)
    HAL_GetTick                              0x080014ed   Thumb Code     6  stm32f0xx_hal.o(i.HAL_GetTick)
    HAL_IncTick                              0x080014f9   Thumb Code    16  stm32f0xx_hal.o(i.HAL_IncTick)
    HAL_Init                                 0x08001511   Thumb Code    28  stm32f0xx_hal.o(i.HAL_Init)
    HAL_InitTick                             0x08001531   Thumb Code    70  stm32f0xx_hal.o(i.HAL_InitTick)
    HAL_MspInit                              0x08001585   Thumb Code     2  stm32f0xx_hal_msp.o(i.HAL_MspInit)
    HAL_NVIC_EnableIRQ                       0x08001589   Thumb Code    22  stm32f0xx_hal_cortex.o(i.HAL_NVIC_EnableIRQ)
    HAL_NVIC_SetPriority                     0x080015a5   Thumb Code    18  stm32f0xx_hal_cortex.o(i.HAL_NVIC_SetPriority)
    HAL_PWR_EnableBkUpAccess                 0x080015b9   Thumb Code    16  stm32f0xx_hal_pwr.o(i.HAL_PWR_EnableBkUpAccess)
    HAL_PWR_EnableWakeUpPin                  0x080015cd   Thumb Code    12  stm32f0xx_hal_pwr.o(i.HAL_PWR_EnableWakeUpPin)
    HAL_PWR_EnterSTANDBYMode                 0x080015dd   Thumb Code    32  stm32f0xx_hal_pwr.o(i.HAL_PWR_EnterSTANDBYMode)
    HAL_RCC_ClockConfig                      0x08001605   Thumb Code   342  stm32f0xx_hal_rcc.o(i.HAL_RCC_ClockConfig)
    HAL_RCC_GetHCLKFreq                      0x08001771   Thumb Code     6  stm32f0xx_hal_rcc.o(i.HAL_RCC_GetHCLKFreq)
    HAL_RCC_GetPCLK1Freq                     0x0800177d   Thumb Code    26  stm32f0xx_hal_rcc.o(i.HAL_RCC_GetPCLK1Freq)
    HAL_RCC_GetSysClockFreq                  0x080017a1   Thumb Code   162  stm32f0xx_hal_rcc.o(i.HAL_RCC_GetSysClockFreq)
    HAL_RCC_OscConfig                        0x08001871   Thumb Code  1416  stm32f0xx_hal_rcc.o(i.HAL_RCC_OscConfig)
    HAL_SYSTICK_CLKSourceConfig              0x08001dfd   Thumb Code    32  stm32f0xx_hal_cortex.o(i.HAL_SYSTICK_CLKSourceConfig)
    HAL_SYSTICK_Config                       0x08001e21   Thumb Code    46  stm32f0xx_hal_cortex.o(i.HAL_SYSTICK_Config)
    HAL_TIMEx_BreakCallback                  0x08001e59   Thumb Code     2  stm32f0xx_hal_tim_ex.o(i.HAL_TIMEx_BreakCallback)
    HAL_TIMEx_CommutCallback                 0x08001e5b   Thumb Code     2  stm32f0xx_hal_tim_ex.o(i.HAL_TIMEx_CommutCallback)
    HAL_TIMEx_MasterConfigSynchronization    0x08001e5d   Thumb Code   118  stm32f0xx_hal_tim_ex.o(i.HAL_TIMEx_MasterConfigSynchronization)
    HAL_TIM_Base_Init                        0x08001ee1   Thumb Code   100  stm32f0xx_hal_tim.o(i.HAL_TIM_Base_Init)
    HAL_TIM_Base_MspInit                     0x08001f45   Thumb Code    58  timer.o(i.HAL_TIM_Base_MspInit)
    HAL_TIM_Base_Start_IT                    0x08001f89   Thumb Code    98  stm32f0xx_hal_tim.o(i.HAL_TIM_Base_Start_IT)
    HAL_TIM_ConfigClockSource                0x08001ff9   Thumb Code   272  stm32f0xx_hal_tim.o(i.HAL_TIM_ConfigClockSource)
    HAL_TIM_IC_CaptureCallback               0x08002109   Thumb Code     2  stm32f0xx_hal_tim.o(i.HAL_TIM_IC_CaptureCallback)
    HAL_TIM_IRQHandler                       0x0800210b   Thumb Code   456  stm32f0xx_hal_tim.o(i.HAL_TIM_IRQHandler)
    HAL_TIM_OC_DelayElapsedCallback          0x080022d3   Thumb Code     2  stm32f0xx_hal_tim.o(i.HAL_TIM_OC_DelayElapsedCallback)
    HAL_TIM_PWM_PulseFinishedCallback        0x080022d5   Thumb Code     2  stm32f0xx_hal_tim.o(i.HAL_TIM_PWM_PulseFinishedCallback)
    HAL_TIM_PeriodElapsedCallback            0x080022d9   Thumb Code    38  timer.o(i.HAL_TIM_PeriodElapsedCallback)
    HAL_TIM_TriggerCallback                  0x0800230d   Thumb Code     2  stm32f0xx_hal_tim.o(i.HAL_TIM_TriggerCallback)
    HAL_UARTEx_RxEventCallback               0x0800230f   Thumb Code     2  stm32f0xx_hal_uart.o(i.HAL_UARTEx_RxEventCallback)
    HAL_UART_ErrorCallback                   0x08002311   Thumb Code     2  stm32f0xx_hal_uart.o(i.HAL_UART_ErrorCallback)
    HAL_UART_GetState                        0x08002313   Thumb Code    12  stm32f0xx_hal_uart.o(i.HAL_UART_GetState)
    HAL_UART_IRQHandler                      0x08002321   Thumb Code   732  stm32f0xx_hal_uart.o(i.HAL_UART_IRQHandler)
    HAL_UART_Init                            0x08002609   Thumb Code   126  stm32f0xx_hal_uart.o(i.HAL_UART_Init)
    HAL_UART_MspInit                         0x08002689   Thumb Code   258  usart.o(i.HAL_UART_MspInit)
    HAL_UART_Receive_IT                      0x08002799   Thumb Code   120  stm32f0xx_hal_uart.o(i.HAL_UART_Receive_IT)
    HAL_UART_RxCpltCallback                  0x08002811   Thumb Code   130  usart.o(i.HAL_UART_RxCpltCallback)
    HAL_UART_TxCpltCallback                  0x080028a5   Thumb Code     2  stm32f0xx_hal_uart.o(i.HAL_UART_TxCpltCallback)
    HardFault_Handler                        0x080028a7   Thumb Code     4  stm32f0xx_it.o(i.HardFault_Handler)
    IIC_Sht30_Init                           0x080028ad   Thumb Code    86  i2c.o(i.IIC_Sht30_Init)
    IIC_Sht30_Read_Byte                      0x0800290d   Thumb Code   190  i2c.o(i.IIC_Sht30_Read_Byte)
    IIC_Sht30_Start                          0x080029d1   Thumb Code    72  i2c.o(i.IIC_Sht30_Start)
    IIC_Sht30_Stop                           0x08002a1d   Thumb Code    72  i2c.o(i.IIC_Sht30_Stop)
    IIC_Sht30_Write_Byte                     0x08002a69   Thumb Code   184  i2c.o(i.IIC_Sht30_Write_Byte)
    KEY_Init                                 0x08002b2d   Thumb Code   128  key.o(i.KEY_Init)
    LED_Init                                 0x08002bb9   Thumb Code    86  led.o(i.LED_Init)
    Light_Alarm                              0x08002c15   Thumb Code    46  led.o(i.Light_Alarm)
    MY_ADC_Init                              0x08002c45   Thumb Code    64  adc.o(i.MY_ADC_Init)
    NMI_Handler                              0x08002c8d   Thumb Code     2  stm32f0xx_it.o(i.NMI_Handler)
    OLED_Clear                               0x08002c91   Thumb Code    42  oled.o(i.OLED_Clear)
    OLED_DrawPoint                           0x08002cc1   Thumb Code   102  oled.o(i.OLED_DrawPoint)
    OLED_Init                                0x08002d2d   Thumb Code   312  oled.o(i.OLED_Init)
    OLED_Refresh_Gram                        0x08002e6d   Thumb Code    70  oled.o(i.OLED_Refresh_Gram)
    OLED_ShowBMP                             0x08002eb9   Thumb Code   120  oled.o(i.OLED_ShowBMP)
    OLED_ShowChar                            0x08002f31   Thumb Code   238  oled.o(i.OLED_ShowChar)
    OLED_ShowNum                             0x0800302d   Thumb Code   154  oled.o(i.OLED_ShowNum)
    OLED_ShowString                          0x080030c7   Thumb Code    94  oled.o(i.OLED_ShowString)
    OLED_Show_Font                           0x08003125   Thumb Code   174  text.o(i.OLED_Show_Font)
    OLED_Show_Title                          0x080031dd   Thumb Code   154  text.o(i.OLED_Show_Title)
    OLED_Write                               0x08003281   Thumb Code   104  oled.o(i.OLED_Write)
    PendSV_Handler                           0x080032ed   Thumb Code     2  stm32f0xx_it.o(i.PendSV_Handler)
    RI_Init                                  0x080032f1   Thumb Code   112  ri.o(i.RI_Init)
    SVC_Handler                              0x08003369   Thumb Code     2  stm32f0xx_it.o(i.SVC_Handler)
    Show_TempAndHumi                         0x0800336d   Thumb Code   216  main.o(i.Show_TempAndHumi)
    Sht30_GetTH_Singleshot_Poll              0x080034a9   Thumb Code   294  sht30.o(i.Sht30_GetTH_Singleshot_Poll)
    Sht30_Singleshot_Init                    0x080036a7   Thumb Code    14  sht30.o(i.Sht30_Singleshot_Init)
    Stm32_Clock_Init                         0x080036cd   Thumb Code    84  sys.o(i.Stm32_Clock_Init)
    SysTick_Handler                          0x08003721   Thumb Code     8  stm32f0xx_it.o(i.SysTick_Handler)
    Sys_Enter_Standby                        0x08003729   Thumb Code   132  wkup.o(i.Sys_Enter_Standby)
    SystemInit                               0x080037b5   Thumb Code   104  system_stm32f0xx.o(i.SystemInit)
    TIM3_IRQHandler                          0x08003829   Thumb Code    10  timer.o(i.TIM3_IRQHandler)
    TIM3_Init                                0x08003839   Thumb Code    86  timer.o(i.TIM3_Init)
    TIM_Base_SetConfig                       0x080038a1   Thumb Code   134  stm32f0xx_hal_tim.o(i.TIM_Base_SetConfig)
    TIM_ETR_SetConfig                        0x08003941   Thumb Code    28  stm32f0xx_hal_tim.o(i.TIM_ETR_SetConfig)
    Transmition                              0x080039d9   Thumb Code   290  ri.o(i.Transmition)
    Tuya_Uart_Init                           0x08003b05   Thumb Code    64  uart.o(i.Tuya_Uart_Init)
    UART1_SendByte                           0x08003b5d   Thumb Code    22  uart.o(i.UART1_SendByte)
    UART_AdvFeatureConfig                    0x08003b79   Thumb Code   240  stm32f0xx_hal_uart.o(i.UART_AdvFeatureConfig)
    UART_CheckIdleState                      0x08003c69   Thumb Code   112  stm32f0xx_hal_uart.o(i.UART_CheckIdleState)
    UART_SetConfig                           0x08003e65   Thumb Code   388  stm32f0xx_hal_uart.o(i.UART_SetConfig)
    UART_Start_Receive_IT                    0x08004001   Thumb Code   164  stm32f0xx_hal_uart.o(i.UART_Start_Receive_IT)
    UART_WaitOnFlagUntilTimeout              0x080040b1   Thumb Code   192  stm32f0xx_hal_uart.o(i.UART_WaitOnFlagUntilTimeout)
    USART1_IRQHandler                        0x08004171   Thumb Code    38  uart.o(i.USART1_IRQHandler)
    USART2_IRQHandler                        0x080041a1   Thumb Code    56  usart.o(i.USART2_IRQHandler)
    USB_Init                                 0x080041e1   Thumb Code    86  led.o(i.USB_Init)
    WKUP_Init                                0x0800423d   Thumb Code    16  wkup.o(i.WKUP_Init)
    __ARM_common_ll_muluu                    0x0800424d   Thumb Code    48  stm32f0xx_hal_rcc.o(i.__ARM_common_ll_muluu)
    __ARM_common_switch8                     0x0800427d   Thumb Code    28  main.o(i.__ARM_common_switch8)
    _sys_exit                                0x08004311   Thumb Code     4  usart.o(i._sys_exit)
    all_data_update                          0x08004315   Thumb Code   100  protocol.o(i.all_data_update)
    byte_to_int                              0x08004395   Thumb Code    26  mcu_api.o(i.byte_to_int)
    data_handle                              0x080043b1   Thumb Code   202  system.o(i.data_handle)
    delay_init                               0x080044cd   Thumb Code    16  delay.o(i.delay_init)
    delay_ms                                 0x080044e1   Thumb Code    24  delay.o(i.delay_ms)
    delay_us                                 0x080044f9   Thumb Code    62  delay.o(i.delay_us)
    dp_download_handle                       0x08004541   Thumb Code   102  protocol.o(i.dp_download_handle)
    fputc                                    0x080046a9   Thumb Code    24  usart.o(i.fputc)
    get_check_sum                            0x080046c5   Thumb Code    28  system.o(i.get_check_sum)
    get_download_cmd_total                   0x0800470d   Thumb Code     4  protocol.o(i.get_download_cmd_total)
    main                                     0x08004759   Thumb Code   462  main.o(i.main)
    mcu_dp_bool_update                       0x08004955   Thumb Code    98  mcu_api.o(i.mcu_dp_bool_update)
    mcu_dp_enum_update                       0x080049bd   Thumb Code    82  mcu_api.o(i.mcu_dp_enum_update)
    mcu_dp_value_update                      0x08004a15   Thumb Code   116  mcu_api.o(i.mcu_dp_value_update)
    mcu_get_dp_download_bool                 0x08004a8d   Thumb Code     6  mcu_api.o(i.mcu_get_dp_download_bool)
    mcu_get_dp_download_value                0x08004a93   Thumb Code    14  mcu_api.o(i.mcu_get_dp_download_value)
    mcu_get_wifi_work_state                  0x08004aa1   Thumb Code     6  mcu_api.o(i.mcu_get_wifi_work_state)
    mcu_reset_wifi                           0x08004aad   Thumb Code    20  mcu_api.o(i.mcu_reset_wifi)
    mcu_set_wifi_mode                        0x08004ac5   Thumb Code    34  mcu_api.o(i.mcu_set_wifi_mode)
    my_memcpy                                0x08004aed   Thumb Code    76  mcu_api.o(i.my_memcpy)
    my_strlen                                0x08004b39   Thumb Code    28  mcu_api.o(i.my_strlen)
    mypow                                    0x08004b55   Thumb Code    26  oled.o(i.mypow)
    set_wifi_uart_buffer                     0x08004c51   Thumb Code    30  system.o(i.set_wifi_uart_buffer)
    set_wifi_uart_byte                       0x08004c75   Thumb Code    12  system.o(i.set_wifi_uart_byte)
    take_byte_rxbuff                         0x08004c85   Thumb Code    46  system.o(i.take_byte_rxbuff)
    uart_init                                0x08004cc1   Thumb Code    44  usart.o(i.uart_init)
    uart_receive_input                       0x08004cf9   Thumb Code    74  mcu_api.o(i.uart_receive_input)
    uart_transmit_output                     0x08004d51   Thumb Code    12  protocol.o(i.uart_transmit_output)
    wifi_protocol_init                       0x08004d5d   Thumb Code    24  mcu_api.o(i.wifi_protocol_init)
    wifi_test_result                         0x08004d89   Thumb Code    12  protocol.o(i.wifi_test_result)
    wifi_uart_service                        0x08004d95   Thumb Code   232  mcu_api.o(i.wifi_uart_service)
    wifi_uart_write_frame                    0x08004ead   Thumb Code    64  system.o(i.wifi_uart_write_frame)
    with_data_rxbuff                         0x08004ef1   Thumb Code    20  system.o(i.with_data_rxbuff)
    __aeabi_fadd                             0x08004f0d   Thumb Code     0  faddsub.o(x$fpl$fadd)
    _fadd                                    0x08004f0d   Thumb Code   134  faddsub.o(x$fpl$fadd)
    __aeabi_cfcmple                          0x08004f99   Thumb Code     0  flef.o(x$fpl$fleqf)
    _fcmple                                  0x08004f99   Thumb Code    78  flef.o(x$fpl$fleqf)
    __aeabi_fmul                             0x08004fed   Thumb Code     0  fmul.o(x$fpl$fmul)
    _fmul                                    0x08004fed   Thumb Code   172  fmul.o(x$fpl$fmul)
    __aeabi_cfrcmple                         0x0800509d   Thumb Code     0  frlef.o(x$fpl$frleqf)
    _frcmple                                 0x0800509d   Thumb Code    84  frlef.o(x$fpl$frleqf)
    __aeabi_fsub                             0x080050f5   Thumb Code     0  faddsub.o(x$fpl$fsub)
    _fsub                                    0x080050f5   Thumb Code   204  faddsub.o(x$fpl$fsub)
    AHBPrescTable                            0x080051c4   Data          16  system_stm32f0xx.o(.constdata)
    __I$use$fp                               0x080051c4   Number         0  usenofp.o(x$fpl$usenofp)
    APBPrescTable                            0x080051d4   Data           8  system_stm32f0xx.o(.constdata)
    asc2_1206                                0x080051dc   Data        1140  oled.o(.constdata)
    asc2_1608                                0x08005650   Data        1520  oled.o(.constdata)
    asc2_2412                                0x08005c40   Data        3420  oled.o(.constdata)
    logo_jlc                                 0x0800699c   Data         512  text.o(.constdata)
    logo_tuya                                0x08006b9c   Data        1024  text.o(.constdata)
    hz_1616                                  0x08006f9c   Data         160  text.o(.constdata)
    hz_2424                                  0x0800703c   Data         360  text.o(.constdata)
    download_cmd                             0x080071a4   Data          20  protocol.o(.constdata)
    Region$$Table$$Base                      0x08007220   Number         0  anon$$obj.o(Region$$Table)
    Region$$Table$$Limit                     0x08007240   Number         0  anon$$obj.o(Region$$Table)
    temp_alarm                               0x20000000   Data           1  main.o(.data)
    light_alarm                              0x20000001   Data           1  main.o(.data)
    light                                    0x20000002   Data           1  main.o(.data)
    temp                                     0x20000004   Data           2  main.o(.data)
    humi                                     0x20000006   Data           2  main.o(.data)
    temp_max                                 0x20000008   Data           1  main.o(.data)
    temp_min                                 0x20000009   Data           1  main.o(.data)
    light_min                                0x2000000a   Data           1  main.o(.data)
    sensor_flag                              0x2000000b   Data           1  main.o(.data)
    device_state                             0x2000000c   Data           1  main.o(.data)
    SystemCoreClock                          0x20000010   Data           4  system_stm32f0xx.o(.data)
    __stdout                                 0x20000018   Data           4  usart.o(.data)
    USART_RX_STA                             0x2000001c   Data           2  usart.o(.data)
    aRxBuffer                                0x2000001e   Data           1  usart.o(.data)
    uwTick                                   0x20000020   Data           4  stm32f0xx_hal.o(.data)
    uwTickPrio                               0x20000024   Data           4  stm32f0xx_hal.o(.data)
    uwTickFreq                               0x20000028   Data           1  stm32f0xx_hal.o(.data)
    CMD_OPEN                                 0x2000002a   Data           6  ri.o(.data)
    CMD_CLOSE                                0x20000030   Data           6  ri.o(.data)
    rx_buf_in                                0x20000038   Data           4  system.o(.data)
    rx_buf_out                               0x2000003c   Data           4  system.o(.data)
    stop_update_flag                         0x20000040   Data           1  system.o(.data)
    reset_wifi_flag                          0x20000041   Data           1  system.o(.data)
    set_wifimode_flag                        0x20000042   Data           1  system.o(.data)
    wifi_work_state                          0x20000043   Data           1  system.o(.data)
    USART_RX_BUF                             0x20000048   Data         200  usart.o(.bss)
    UART2_Handler                            0x20000110   Data         132  usart.o(.bss)
    huart1                                   0x20000194   Data         132  uart.o(.bss)
    htim3                                    0x20000218   Data          72  timer.o(.bss)
    hadc                                     0x20000660   Data          64  adc.o(.bss)
    wifi_data_process_buf                    0x200006a0   Data          31  system.o(.bss)
    wifi_uart_rx_buf                         0x200006bf   Data          23  system.o(.bss)
    wifi_uart_tx_buf                         0x200006d6   Data          55  system.o(.bss)
    __libspace_start                         0x20000710   Data          96  libspace.o(.bss)
    __temporary_stack_top$libspace           0x20000770   Data           0  libspace.o(.bss)



==============================================================================

Memory Map of the image

  Image Entry point : 0x080000b5

  Load Region LR_IROM1 (Base: 0x08000000, Size: 0x00007288, Max: 0x00010000, ABSOLUTE)

    Execution Region ER_IROM1 (Base: 0x08000000, Size: 0x00007240, Max: 0x00010000, ABSOLUTE)

    Base Addr    Size         Type   Attr      Idx    E Section Name        Object

    0x08000000   0x000000b4   Data   RO          542    RESET               startup_stm32f030x8.o
    0x080000b4   0x00000008   Code   RO         4016  * !!!main             c_p.l(__main.o)
    0x080000bc   0x0000003c   Code   RO         4229    !!!scatter          c_p.l(__scatter.o)
    0x080000f8   0x0000001a   Code   RO         4231    !!handler_copy      c_p.l(__scatter_copy.o)
    0x08000112   0x00000002   PAD
    0x08000114   0x0000001c   Code   RO         4233    !!handler_zi        c_p.l(__scatter_zi.o)
    0x08000130   0x00000002   Code   RO         4007    .ARM.Collect$$_printf_percent$$00000000  c_p.l(_printf_percent.o)
    0x08000132   0x0000000a   Code   RO         4006    .ARM.Collect$$_printf_percent$$00000009  c_p.l(_printf_d.o)
    0x0800013c   0x0000000a   Code   RO         4005    .ARM.Collect$$_printf_percent$$0000000C  c_p.l(_printf_x.o)
    0x08000146   0x00000004   Code   RO         4052    .ARM.Collect$$_printf_percent$$00000017  c_p.l(_printf_percent_end.o)
    0x0800014a   0x00000002   Code   RO         4101    .ARM.Collect$$libinit$$00000000  c_p.l(libinit.o)
    0x0800014c   0x00000000   Code   RO         4117    .ARM.Collect$$libinit$$00000002  c_p.l(libinit2.o)
    0x0800014c   0x00000000   Code   RO         4119    .ARM.Collect$$libinit$$00000004  c_p.l(libinit2.o)
    0x0800014c   0x00000000   Code   RO         4122    .ARM.Collect$$libinit$$0000000A  c_p.l(libinit2.o)
    0x0800014c   0x00000000   Code   RO         4124    .ARM.Collect$$libinit$$0000000C  c_p.l(libinit2.o)
    0x0800014c   0x00000000   Code   RO         4126    .ARM.Collect$$libinit$$0000000E  c_p.l(libinit2.o)
    0x0800014c   0x00000000   Code   RO         4129    .ARM.Collect$$libinit$$00000011  c_p.l(libinit2.o)
    0x0800014c   0x00000000   Code   RO         4131    .ARM.Collect$$libinit$$00000013  c_p.l(libinit2.o)
    0x0800014c   0x00000000   Code   RO         4133    .ARM.Collect$$libinit$$00000015  c_p.l(libinit2.o)
    0x0800014c   0x00000000   Code   RO         4135    .ARM.Collect$$libinit$$00000017  c_p.l(libinit2.o)
    0x0800014c   0x00000000   Code   RO         4137    .ARM.Collect$$libinit$$00000019  c_p.l(libinit2.o)
    0x0800014c   0x00000000   Code   RO         4139    .ARM.Collect$$libinit$$0000001B  c_p.l(libinit2.o)
    0x0800014c   0x00000000   Code   RO         4141    .ARM.Collect$$libinit$$0000001D  c_p.l(libinit2.o)
    0x0800014c   0x00000000   Code   RO         4143    .ARM.Collect$$libinit$$0000001F  c_p.l(libinit2.o)
    0x0800014c   0x00000000   Code   RO         4145    .ARM.Collect$$libinit$$00000021  c_p.l(libinit2.o)
    0x0800014c   0x00000000   Code   RO         4147    .ARM.Collect$$libinit$$00000023  c_p.l(libinit2.o)
    0x0800014c   0x00000000   Code   RO         4149    .ARM.Collect$$libinit$$00000025  c_p.l(libinit2.o)
    0x0800014c   0x00000000   Code   RO         4153    .ARM.Collect$$libinit$$0000002C  c_p.l(libinit2.o)
    0x0800014c   0x00000000   Code   RO         4155    .ARM.Collect$$libinit$$0000002E  c_p.l(libinit2.o)
    0x0800014c   0x00000000   Code   RO         4157    .ARM.Collect$$libinit$$00000030  c_p.l(libinit2.o)
    0x0800014c   0x00000000   Code   RO         4159    .ARM.Collect$$libinit$$00000032  c_p.l(libinit2.o)
    0x0800014c   0x00000002   Code   RO         4160    .ARM.Collect$$libinit$$00000033  c_p.l(libinit2.o)
    0x0800014e   0x00000002   Code   RO         4186    .ARM.Collect$$libshutdown$$00000000  c_p.l(libshutdown.o)
    0x08000150   0x00000000   Code   RO         4214    .ARM.Collect$$libshutdown$$00000003  c_p.l(libshutdown2.o)
    0x08000150   0x00000000   Code   RO         4217    .ARM.Collect$$libshutdown$$00000006  c_p.l(libshutdown2.o)
    0x08000150   0x00000000   Code   RO         4220    .ARM.Collect$$libshutdown$$00000009  c_p.l(libshutdown2.o)
    0x08000150   0x00000000   Code   RO         4222    .ARM.Collect$$libshutdown$$0000000B  c_p.l(libshutdown2.o)
    0x08000150   0x00000000   Code   RO         4225    .ARM.Collect$$libshutdown$$0000000E  c_p.l(libshutdown2.o)
    0x08000150   0x00000002   Code   RO         4226    .ARM.Collect$$libshutdown$$0000000F  c_p.l(libshutdown2.o)
    0x08000152   0x00000000   Code   RO         4039    .ARM.Collect$$rtentry$$00000000  c_p.l(__rtentry.o)
    0x08000152   0x00000000   Code   RO         4059    .ARM.Collect$$rtentry$$00000002  c_p.l(__rtentry2.o)
    0x08000152   0x00000006   Code   RO         4071    .ARM.Collect$$rtentry$$00000004  c_p.l(__rtentry4.o)
    0x08000158   0x00000000   Code   RO         4061    .ARM.Collect$$rtentry$$00000009  c_p.l(__rtentry2.o)
    0x08000158   0x00000004   Code   RO         4062    .ARM.Collect$$rtentry$$0000000A  c_p.l(__rtentry2.o)
    0x0800015c   0x00000000   Code   RO         4064    .ARM.Collect$$rtentry$$0000000C  c_p.l(__rtentry2.o)
    0x0800015c   0x00000008   Code   RO         4065    .ARM.Collect$$rtentry$$0000000D  c_p.l(__rtentry2.o)
    0x08000164   0x00000002   Code   RO         4108    .ARM.Collect$$rtexit$$00000000  c_p.l(rtexit.o)
    0x08000166   0x00000000   Code   RO         4162    .ARM.Collect$$rtexit$$00000002  c_p.l(rtexit2.o)
    0x08000166   0x00000004   Code   RO         4163    .ARM.Collect$$rtexit$$00000003  c_p.l(rtexit2.o)
    0x0800016a   0x00000006   Code   RO         4164    .ARM.Collect$$rtexit$$00000004  c_p.l(rtexit2.o)
    0x08000170   0x00000038   Code   RO          543    .text               startup_stm32f030x8.o
    0x080001a8   0x00000002   Code   RO         3950    .text               c_p.l(use_no_semi_2.o)
    0x080001aa   0x00000102   Code   RO         3954    .text               c_p.l(lludiv.o)
    0x080002ac   0x0000001c   Code   RO         3958    .text               c_p.l(noretval__2printf.o)
    0x080002c8   0x0000006c   Code   RO         3960    .text               c_p.l(__printf.o)
    0x08000334   0x0000006c   Code   RO         3962    .text               c_p.l(_printf_dec.o)
    0x080003a0   0x00000058   Code   RO         3967    .text               c_p.l(_printf_hex_int.o)
    0x080003f8   0x00000040   Code   RO         4008    .text               c_p.l(rt_memclr.o)
    0x08000438   0x0000015a   Code   RO         4010    .text               c_p.l(aeabi_sdiv.o)
    0x08000592   0x00000006   Code   RO         4014    .text               c_p.l(heapauxi.o)
    0x08000598   0x00000160   Code   RO         4024    .text               fz_ps.l(fdiv.o)
    0x080006f8   0x00000030   Code   RO         4027    .text               fz_ps.l(ffixui.o)
    0x08000728   0x0000005e   Code   RO         4029    .text               fz_ps.l(fflti.o)
    0x08000786   0x00000002   Code   RO         4037    .text               c_p.l(use_no_semi.o)
    0x08000788   0x000000b0   Code   RO         4048    .text               c_p.l(_printf_intcommon.o)
    0x08000838   0x00000028   Code   RO         4050    .text               c_p.l(_printf_char_file.o)
    0x08000860   0x00000028   Code   RO         4053    .text               c_p.l(rtudiv10.o)
    0x08000888   0x00000064   Code   RO         4055    .text               fz_ps.l(fcmpin.o)
    0x080008ec   0x00000030   Code   RO         4075    .text               c_p.l(_printf_char_common.o)
    0x0800091c   0x00000008   Code   RO         4077    .text               c_p.l(ferror.o)
    0x08000924   0x00000030   Code   RO         4081    .text               fz_ps.l(cmpret.o)
    0x08000954   0x00000010   Code   RO         4083    .text               fz_ps.l(fnan2.o)
    0x08000964   0x0000003e   Code   RO         4085    .text               c_p.l(sys_stackheap_outer.o)
    0x080009a2   0x0000000c   Code   RO         4090    .text               c_p.l(exit.o)
    0x080009ae   0x0000005e   Code   RO         4102    .text               fz_ps.l(retnan.o)
    0x08000a0c   0x00000008   Code   RO         4104    .text               c_p.l(libspace.o)
    0x08000a14   0x000000d4   Code   RO         2860    i.ADC_Enable        stm32f0xx_hal_adc.o
    0x08000ae8   0x00000068   Code   RO         3562    i.Check_WKUP        wkup.o
    0x08000b50   0x00000020   Code   RO         3477    i.Device_OFF        ri.o
    0x08000b70   0x00000020   Code   RO         3478    i.Device_ON         ri.o
    0x08000b90   0x0000000a   Code   RO         3083    i.EXTI0_1_IRQHandler  key.o
    0x08000b9a   0x00000010   Code   RO         3084    i.EXTI4_15_IRQHandler  key.o
    0x08000baa   0x00000002   PAD
    0x08000bac   0x0000003c   Code   RO         3521    i.Get_Adc           adc.o
    0x08000be8   0x00000040   Code   RO         3522    i.Get_Adc_Average   adc.o
    0x08000c28   0x00000188   Code   RO         2862    i.HAL_ADC_ConfigChannel  stm32f0xx_hal_adc.o
    0x08000db0   0x00000008   Code   RO         2869    i.HAL_ADC_GetValue  stm32f0xx_hal_adc.o
    0x08000db8   0x000001c4   Code   RO         2871    i.HAL_ADC_Init      stm32f0xx_hal_adc.o
    0x08000f7c   0x00000074   Code   RO         3523    i.HAL_ADC_MspInit   adc.o
    0x08000ff0   0x000000e4   Code   RO         2875    i.HAL_ADC_PollForConversion  stm32f0xx_hal_adc.o
    0x080010d4   0x00000078   Code   RO         2877    i.HAL_ADC_Start     stm32f0xx_hal_adc.o
    0x0800114c   0x00000052   Code   RO          709    i.HAL_DMA_Abort     stm32f0xx_hal_dma.o
    0x0800119e   0x00000058   Code   RO          710    i.HAL_DMA_Abort_IT  stm32f0xx_hal_dma.o
    0x080011f6   0x000000cc   Code   RO         3085    i.HAL_GPIO_EXTI_Callback  key.o
    0x080012c2   0x00000002   PAD
    0x080012c4   0x00000020   Code   RO         1074    i.HAL_GPIO_EXTI_IRQHandler  stm32f0xx_hal_gpio.o
    0x080012e4   0x000001e8   Code   RO         1075    i.HAL_GPIO_Init     stm32f0xx_hal_gpio.o
    0x080014cc   0x00000012   Code   RO         1077    i.HAL_GPIO_ReadPin  stm32f0xx_hal_gpio.o
    0x080014de   0x0000000c   Code   RO         1079    i.HAL_GPIO_WritePin  stm32f0xx_hal_gpio.o
    0x080014ea   0x00000002   PAD
    0x080014ec   0x0000000c   Code   RO          558    i.HAL_GetTick       stm32f0xx_hal.o
    0x080014f8   0x00000018   Code   RO          564    i.HAL_IncTick       stm32f0xx_hal.o
    0x08001510   0x00000020   Code   RO          565    i.HAL_Init          stm32f0xx_hal.o
    0x08001530   0x00000054   Code   RO          566    i.HAL_InitTick      stm32f0xx_hal.o
    0x08001584   0x00000002   Code   RO          269    i.HAL_MspInit       stm32f0xx_hal_msp.o
    0x08001586   0x00000002   PAD
    0x08001588   0x0000001c   Code   RO         2763    i.HAL_NVIC_EnableIRQ  stm32f0xx_hal_cortex.o
    0x080015a4   0x00000012   Code   RO         2767    i.HAL_NVIC_SetPriority  stm32f0xx_hal_cortex.o
    0x080015b6   0x00000002   PAD
    0x080015b8   0x00000014   Code   RO         1139    i.HAL_PWR_EnableBkUpAccess  stm32f0xx_hal_pwr.o
    0x080015cc   0x00000010   Code   RO         1142    i.HAL_PWR_EnableWakeUpPin  stm32f0xx_hal_pwr.o
    0x080015dc   0x00000028   Code   RO         1144    i.HAL_PWR_EnterSTANDBYMode  stm32f0xx_hal_pwr.o
    0x08001604   0x0000016c   Code   RO         1235    i.HAL_RCC_ClockConfig  stm32f0xx_hal_rcc.o
    0x08001770   0x0000000c   Code   RO         1240    i.HAL_RCC_GetHCLKFreq  stm32f0xx_hal_rcc.o
    0x0800177c   0x00000024   Code   RO         1242    i.HAL_RCC_GetPCLK1Freq  stm32f0xx_hal_rcc.o
    0x080017a0   0x000000d0   Code   RO         1243    i.HAL_RCC_GetSysClockFreq  stm32f0xx_hal_rcc.o
    0x08001870   0x0000058c   Code   RO         1246    i.HAL_RCC_OscConfig  stm32f0xx_hal_rcc.o
    0x08001dfc   0x00000024   Code   RO         2769    i.HAL_SYSTICK_CLKSourceConfig  stm32f0xx_hal_cortex.o
    0x08001e20   0x00000038   Code   RO         2771    i.HAL_SYSTICK_Config  stm32f0xx_hal_cortex.o
    0x08001e58   0x00000002   Code   RO         2073    i.HAL_TIMEx_BreakCallback  stm32f0xx_hal_tim_ex.o
    0x08001e5a   0x00000002   Code   RO         2074    i.HAL_TIMEx_CommutCallback  stm32f0xx_hal_tim_ex.o
    0x08001e5c   0x00000084   Code   RO         2092    i.HAL_TIMEx_MasterConfigSynchronization  stm32f0xx_hal_tim_ex.o
    0x08001ee0   0x00000064   Code   RO         1362    i.HAL_TIM_Base_Init  stm32f0xx_hal_tim.o
    0x08001f44   0x00000044   Code   RO         3160    i.HAL_TIM_Base_MspInit  timer.o
    0x08001f88   0x00000070   Code   RO         1367    i.HAL_TIM_Base_Start_IT  stm32f0xx_hal_tim.o
    0x08001ff8   0x00000110   Code   RO         1371    i.HAL_TIM_ConfigClockSource  stm32f0xx_hal_tim.o
    0x08002108   0x00000002   Code   RO         1396    i.HAL_TIM_IC_CaptureCallback  stm32f0xx_hal_tim.o
    0x0800210a   0x000001c8   Code   RO         1410    i.HAL_TIM_IRQHandler  stm32f0xx_hal_tim.o
    0x080022d2   0x00000002   Code   RO         1413    i.HAL_TIM_OC_DelayElapsedCallback  stm32f0xx_hal_tim.o
    0x080022d4   0x00000002   Code   RO         1440    i.HAL_TIM_PWM_PulseFinishedCallback  stm32f0xx_hal_tim.o
    0x080022d6   0x00000002   PAD
    0x080022d8   0x00000034   Code   RO         3161    i.HAL_TIM_PeriodElapsedCallback  timer.o
    0x0800230c   0x00000002   Code   RO         1453    i.HAL_TIM_TriggerCallback  stm32f0xx_hal_tim.o
    0x0800230e   0x00000002   Code   RO         2343    i.HAL_UARTEx_RxEventCallback  stm32f0xx_hal_uart.o
    0x08002310   0x00000002   Code   RO         2359    i.HAL_UART_ErrorCallback  stm32f0xx_hal_uart.o
    0x08002312   0x0000000c   Code   RO         2361    i.HAL_UART_GetState  stm32f0xx_hal_uart.o
    0x0800231e   0x00000002   PAD
    0x08002320   0x000002e8   Code   RO         2362    i.HAL_UART_IRQHandler  stm32f0xx_hal_uart.o
    0x08002608   0x0000007e   Code   RO         2363    i.HAL_UART_Init     stm32f0xx_hal_uart.o
    0x08002686   0x00000002   PAD
    0x08002688   0x00000110   Code   RO          481    i.HAL_UART_MspInit  usart.o
    0x08002798   0x00000078   Code   RO         2368    i.HAL_UART_Receive_IT  stm32f0xx_hal_uart.o
    0x08002810   0x00000094   Code   RO          482    i.HAL_UART_RxCpltCallback  usart.o
    0x080028a4   0x00000002   Code   RO         2375    i.HAL_UART_TxCpltCallback  stm32f0xx_hal_uart.o
    0x080028a6   0x00000004   Code   RO          298    i.HardFault_Handler  stm32f0xx_it.o
    0x080028aa   0x00000002   PAD
    0x080028ac   0x00000060   Code   RO         3433    i.IIC_Sht30_Init    i2c.o
    0x0800290c   0x000000c4   Code   RO         3434    i.IIC_Sht30_Read_Byte  i2c.o
    0x080029d0   0x0000004c   Code   RO         3435    i.IIC_Sht30_Start   i2c.o
    0x08002a1c   0x0000004c   Code   RO         3436    i.IIC_Sht30_Stop    i2c.o
    0x08002a68   0x000000c4   Code   RO         3437    i.IIC_Sht30_Write_Byte  i2c.o
    0x08002b2c   0x0000008c   Code   RO         3086    i.KEY_Init          key.o
    0x08002bb8   0x0000005c   Code   RO         3051    i.LED_Init          led.o
    0x08002c14   0x0000002e   Code   RO         3052    i.Light_Alarm       led.o
    0x08002c42   0x00000002   PAD
    0x08002c44   0x00000048   Code   RO         3524    i.MY_ADC_Init       adc.o
    0x08002c8c   0x00000002   Code   RO          299    i.NMI_Handler       stm32f0xx_it.o
    0x08002c8e   0x00000002   PAD
    0x08002c90   0x00000030   Code   RO         3202    i.OLED_Clear        oled.o
    0x08002cc0   0x0000006c   Code   RO         3205    i.OLED_DrawPoint    oled.o
    0x08002d2c   0x00000140   Code   RO         3207    i.OLED_Init         oled.o
    0x08002e6c   0x0000004c   Code   RO         3208    i.OLED_Refresh_Gram  oled.o
    0x08002eb8   0x00000078   Code   RO         3211    i.OLED_ShowBMP      oled.o
    0x08002f30   0x000000fc   Code   RO         3212    i.OLED_ShowChar     oled.o
    0x0800302c   0x0000009a   Code   RO         3213    i.OLED_ShowNum      oled.o
    0x080030c6   0x0000005e   Code   RO         3214    i.OLED_ShowString   oled.o
    0x08003124   0x000000b8   Code   RO         3332    i.OLED_Show_Font    text.o
    0x080031dc   0x000000a4   Code   RO         3333    i.OLED_Show_Title   text.o
    0x08003280   0x0000006c   Code   RO         3216    i.OLED_Write        oled.o
    0x080032ec   0x00000002   Code   RO          300    i.PendSV_Handler    stm32f0xx_it.o
    0x080032ee   0x00000002   PAD
    0x080032f0   0x00000078   Code   RO         3479    i.RI_Init           ri.o
    0x08003368   0x00000002   Code   RO          301    i.SVC_Handler       stm32f0xx_it.o
    0x0800336a   0x00000002   PAD
    0x0800336c   0x000000e8   Code   RO            3    i.Show_TempAndHumi  main.o
    0x08003454   0x00000024   Code   RO         3364    i.Sht30_CalcHumidity  sht30.o
    0x08003478   0x00000030   Code   RO         3365    i.Sht30_CalcTemperature  sht30.o
    0x080034a8   0x000001c4   Code   RO         3368    i.Sht30_GetTH_Singleshot_Poll  sht30.o
    0x0800366c   0x0000003a   Code   RO         3371    i.Sht30_Read2BytesAndCrc  sht30.o
    0x080036a6   0x0000000e   Code   RO         3372    i.Sht30_Singleshot_Init  sht30.o
    0x080036b4   0x00000018   Code   RO         3373    i.Sht30_WriteCommand  sht30.o
    0x080036cc   0x00000054   Code   RO          458    i.Stm32_Clock_Init  sys.o
    0x08003720   0x00000008   Code   RO          302    i.SysTick_Handler   stm32f0xx_it.o
    0x08003728   0x0000008c   Code   RO         3563    i.Sys_Enter_Standby  wkup.o
    0x080037b4   0x00000074   Code   RO          346    i.SystemInit        system_stm32f0xx.o
    0x08003828   0x00000010   Code   RO         3162    i.TIM3_IRQHandler   timer.o
    0x08003838   0x00000068   Code   RO         3163    i.TIM3_Init         timer.o
    0x080038a0   0x000000a0   Code   RO         1455    i.TIM_Base_SetConfig  stm32f0xx_hal_tim.o
    0x08003940   0x0000001c   Code   RO         1466    i.TIM_ETR_SetConfig  stm32f0xx_hal_tim.o
    0x0800395c   0x00000018   Code   RO         1467    i.TIM_ITRx_SetConfig  stm32f0xx_hal_tim.o
    0x08003974   0x00000032   Code   RO         1473    i.TIM_TI1_ConfigInputStage  stm32f0xx_hal_tim.o
    0x080039a6   0x00000032   Code   RO         1475    i.TIM_TI2_ConfigInputStage  stm32f0xx_hal_tim.o
    0x080039d8   0x0000012c   Code   RO         3480    i.Transmition       ri.o
    0x08003b04   0x00000058   Code   RO         3125    i.Tuya_Uart_Init    uart.o
    0x08003b5c   0x0000001c   Code   RO         3126    i.UART1_SendByte    uart.o
    0x08003b78   0x000000f0   Code   RO         2377    i.UART_AdvFeatureConfig  stm32f0xx_hal_uart.o
    0x08003c68   0x00000074   Code   RO         2378    i.UART_CheckIdleState  stm32f0xx_hal_uart.o
    0x08003cdc   0x00000018   Code   RO         2379    i.UART_DMAAbortOnError  stm32f0xx_hal_uart.o
    0x08003cf4   0x00000038   Code   RO         2389    i.UART_EndRxTransfer  stm32f0xx_hal_uart.o
    0x08003d2c   0x00000020   Code   RO         2390    i.UART_EndTransmit_IT  stm32f0xx_hal_uart.o
    0x08003d4c   0x0000008c   Code   RO         2392    i.UART_RxISR_16BIT  stm32f0xx_hal_uart.o
    0x08003dd8   0x0000008c   Code   RO         2393    i.UART_RxISR_8BIT   stm32f0xx_hal_uart.o
    0x08003e64   0x0000019c   Code   RO         2394    i.UART_SetConfig    stm32f0xx_hal_uart.o
    0x08004000   0x000000b0   Code   RO         2396    i.UART_Start_Receive_IT  stm32f0xx_hal_uart.o
    0x080040b0   0x000000c0   Code   RO         2399    i.UART_WaitOnFlagUntilTimeout  stm32f0xx_hal_uart.o
    0x08004170   0x00000030   Code   RO         3127    i.USART1_IRQHandler  uart.o
    0x080041a0   0x00000040   Code   RO          483    i.USART2_IRQHandler  usart.o
    0x080041e0   0x0000005c   Code   RO         3053    i.USB_Init          led.o
    0x0800423c   0x00000010   Code   RO         3564    i.WKUP_Init         wkup.o
    0x0800424c   0x00000030   Code   RO         1321    i.__ARM_common_ll_muluu  stm32f0xx_hal_rcc.o
    0x0800427c   0x0000001c   Code   RO           28    i.__ARM_common_switch8  main.o
    0x08004298   0x00000078   Code   RO         2773    i.__NVIC_SetPriority  stm32f0xx_hal_cortex.o
    0x08004310   0x00000004   Code   RO          484    i._sys_exit         usart.o
    0x08004314   0x00000080   Code   RO         3784    i.all_data_update   protocol.o
    0x08004394   0x0000001a   Code   RO         3594    i.byte_to_int       mcu_api.o
    0x080043ae   0x00000002   PAD
    0x080043b0   0x000000dc   Code   RO         3856    i.data_handle       system.o
    0x0800448c   0x00000040   Code   RO         3857    i.data_point_handle  system.o
    0x080044cc   0x00000014   Code   RO          423    i.delay_init        delay.o
    0x080044e0   0x00000018   Code   RO          424    i.delay_ms          delay.o
    0x080044f8   0x00000048   Code   RO          425    i.delay_us          delay.o
    0x08004540   0x00000066   Code   RO         3785    i.dp_download_handle  protocol.o
    0x080045a6   0x00000042   Code   RO         3786    i.dp_download_light_switch_handle  protocol.o
    0x080045e8   0x0000002c   Code   RO         3787    i.dp_download_maxtemp_set_handle  protocol.o
    0x08004614   0x0000002c   Code   RO         3788    i.dp_download_minitemp_set_handle  protocol.o
    0x08004640   0x0000002c   Code   RO         3789    i.dp_download_minlight_set_handle  protocol.o
    0x0800466c   0x0000003c   Code   RO         3790    i.dp_download_switch_handle  protocol.o
    0x080046a8   0x0000001c   Code   RO          485    i.fputc             usart.o
    0x080046c4   0x0000001c   Code   RO         3858    i.get_check_sum     system.o
    0x080046e0   0x0000002c   Code   RO         3859    i.get_dowmload_dpid_index  system.o
    0x0800470c   0x00000004   Code   RO         3791    i.get_download_cmd_total  protocol.o
    0x08004710   0x00000010   Code   RO         3860    i.get_mcu_wifi_mode  system.o
    0x08004720   0x00000038   Code   RO         3861    i.heat_beat_check   system.o
    0x08004758   0x000001fc   Code   RO            4    i.main              main.o
    0x08004954   0x00000068   Code   RO         3597    i.mcu_dp_bool_update  mcu_api.o
    0x080049bc   0x00000058   Code   RO         3598    i.mcu_dp_enum_update  mcu_api.o
    0x08004a14   0x00000078   Code   RO         3602    i.mcu_dp_value_update  mcu_api.o
    0x08004a8c   0x00000006   Code   RO         3603    i.mcu_get_dp_download_bool  mcu_api.o
    0x08004a92   0x0000000e   Code   RO         3605    i.mcu_get_dp_download_value  mcu_api.o
    0x08004aa0   0x0000000c   Code   RO         3607    i.mcu_get_wifi_work_state  mcu_api.o
    0x08004aac   0x00000018   Code   RO         3609    i.mcu_reset_wifi    mcu_api.o
    0x08004ac4   0x00000028   Code   RO         3610    i.mcu_set_wifi_mode  mcu_api.o
    0x08004aec   0x0000004c   Code   RO         3612    i.my_memcpy         mcu_api.o
    0x08004b38   0x0000001c   Code   RO         3616    i.my_strlen         mcu_api.o
    0x08004b54   0x0000001a   Code   RO         3219    i.mypow             oled.o
    0x08004b6e   0x00000002   PAD
    0x08004b70   0x000000e0   Code   RO         3862    i.product_info_update  system.o
    0x08004c50   0x00000024   Code   RO         3863    i.set_wifi_uart_buffer  system.o
    0x08004c74   0x00000010   Code   RO         3864    i.set_wifi_uart_byte  system.o
    0x08004c84   0x0000003c   Code   RO         3865    i.take_byte_rxbuff  system.o
    0x08004cc0   0x00000038   Code   RO          486    i.uart_init         usart.o
    0x08004cf8   0x00000058   Code   RO         3618    i.uart_receive_input  mcu_api.o
    0x08004d50   0x0000000c   Code   RO         3792    i.uart_transmit_output  protocol.o
    0x08004d5c   0x0000002c   Code   RO         3619    i.wifi_protocol_init  mcu_api.o
    0x08004d88   0x0000000c   Code   RO         3793    i.wifi_test_result  protocol.o
    0x08004d94   0x000000f0   Code   RO         3620    i.wifi_uart_service  mcu_api.o
    0x08004e84   0x00000028   Code   RO         3866    i.wifi_uart_write_data  system.o
    0x08004eac   0x00000044   Code   RO         3867    i.wifi_uart_write_frame  system.o
    0x08004ef0   0x0000001c   Code   RO         3868    i.with_data_rxbuff  system.o
    0x08004f0c   0x0000008c   Code   RO         4018    x$fpl$fadd          fz_ps.l(faddsub.o)
    0x08004f98   0x00000054   Code   RO         4031    x$fpl$fleqf         fz_ps.l(flef.o)
    0x08004fec   0x000000b0   Code   RO         4033    x$fpl$fmul          fz_ps.l(fmul.o)
    0x0800509c   0x00000058   Code   RO         4035    x$fpl$frleqf        fz_ps.l(frlef.o)
    0x080050f4   0x000000d0   Code   RO         4020    x$fpl$fsub          fz_ps.l(faddsub.o)
    0x080051c4   0x00000000   Code   RO         4057    x$fpl$usenofp       fz_ps.l(usenofp.o)
    0x080051c4   0x00000018   Data   RO          347    .constdata          system_stm32f0xx.o
    0x080051dc   0x000017c0   Data   RO         3221    .constdata          oled.o
    0x0800699c   0x00000808   Data   RO         3334    .constdata          text.o
    0x080071a4   0x00000014   Data   RO         3794    .constdata          protocol.o
    0x080071b8   0x00000028   Data   RO         3968    .constdata          c_p.l(_printf_hex_int.o)
    0x080071e0   0x00000040   Data   RO         4025    .constdata          fz_ps.l(fdiv.o)
    0x08007220   0x00000020   Data   RO         4227    Region$$Table       anon$$obj.o


    Execution Region RW_IRAM1 (Base: 0x20000000, Size: 0x00000d70, Max: 0x00002000, ABSOLUTE)

    Base Addr    Size         Type   Attr      Idx    E Section Name        Object

    0x20000000   0x0000000d   Data   RW            5    .data               main.o
    0x2000000d   0x00000003   PAD
    0x20000010   0x00000004   Data   RW          348    .data               system_stm32f0xx.o
    0x20000014   0x00000004   Data   RW          426    .data               delay.o
    0x20000018   0x00000007   Data   RW          488    .data               usart.o
    0x2000001f   0x00000001   PAD
    0x20000020   0x00000009   Data   RW          572    .data               stm32f0xx_hal.o
    0x20000029   0x00000001   Data   RW         3165    .data               timer.o
    0x2000002a   0x0000000c   Data   RW         3481    .data               ri.o
    0x20000036   0x00000002   Data   RW         3621    .data               mcu_api.o
    0x20000038   0x0000000d   Data   RW         3870    .data               system.o
    0x20000045   0x00000003   PAD
    0x20000048   0x0000014c   Zero   RW          487    .bss                usart.o
    0x20000194   0x00000084   Zero   RW         3128    .bss                uart.o
    0x20000218   0x00000048   Zero   RW         3164    .bss                timer.o
    0x20000260   0x00000400   Zero   RW         3220    .bss                oled.o
    0x20000660   0x00000040   Zero   RW         3525    .bss                adc.o
    0x200006a0   0x0000006d   Zero   RW         3869    .bss                system.o
    0x2000070d   0x00000003   PAD
    0x20000710   0x00000060   Zero   RW         4105    .bss                c_p.l(libspace.o)
    0x20000770   0x00000200   Zero   RW          541    HEAP                startup_stm32f030x8.o
    0x20000970   0x00000400   Zero   RW          540    STACK               startup_stm32f030x8.o


==============================================================================

Image component sizes


      Code (inc. data)   RO Data    RW Data    ZI Data      Debug   Object Name

       312         24          0          0         64       2663   adc.o
       116         14          0          4          0       1747   delay.o
       640         36          0          0          0       3129   i2c.o
       370         12          0          0          0       2583   key.o
       230         12          0          0          0       1884   led.o
       768         72          0         13          0     279116   main.o
       910         74          0          2          0       8282   mcu_api.o
      1306         44       6080          0       1024       7791   oled.o
       516         46         20          0          0       6829   protocol.o
       484         30          0         12          0       2694   ri.o
       632        178          0          0          0       3882   sht30.o
        56         26        180          0       1536        612   startup_stm32f030x8.o
       152         32          0          9          0       7173   stm32f0xx_hal.o
      1412         48          0          0          0       5234   stm32f0xx_hal_adc.o
       258         30          0          0          0      10719   stm32f0xx_hal_cortex.o
       170          0          0          0          0       1599   stm32f0xx_hal_dma.o
       550         30          0          0          0       3334   stm32f0xx_hal_gpio.o
         2          0          0          0          0        390   stm32f0xx_hal_msp.o
        76         16          0          0          0       1524   stm32f0xx_hal_pwr.o
      2088        102          0          0          0       5021   stm32f0xx_hal_rcc.o
      1260         40          0          0          0       8839   stm32f0xx_hal_tim.o
       136         14          0          0          0       2301   stm32f0xx_hal_tim_ex.o
      2536         52          0          0          0      12565   stm32f0xx_hal_uart.o
        18          0          0          0          0       1963   stm32f0xx_it.o
        84          0          0          0          0        571   sys.o
       900        144          0         13        109       9674   system.o
       116         12         24          4          0       1027   system_stm32f0xx.o
       348         20       2056          0          0       2624   text.o
       240         48          0          1         72       2721   timer.o
       164         40          0          0        132       1667   uart.o
       572         56          0          7        332       5169   usart.o
       260          8          0          0          0       1941   wkup.o

    ----------------------------------------------------------------------
     17712       1260       8392         72       3272     407268   Object Totals
         0          0         32          0          0          0   (incl. Generated)
        30          0          0          7          3          0   (incl. Padding)

    ----------------------------------------------------------------------

      Code (inc. data)   RO Data    RW Data    ZI Data      Debug   Library Member Name

         8          0          0          0          0         68   __main.o
       108          0          0          0          0         76   __printf.o
         0          0          0          0          0          0   __rtentry.o
        12          0          0          0          0          0   __rtentry2.o
         6          0          0          0          0          0   __rtentry4.o
        60          8          0          0          0          0   __scatter.o
        26          0          0          0          0          0   __scatter_copy.o
        28          0          0          0          0          0   __scatter_zi.o
        48          6          0          0          0         88   _printf_char_common.o
        40          6          0          0          0         72   _printf_char_file.o
        10          0          0          0          0          0   _printf_d.o
       108         18          0          0          0         76   _printf_dec.o
        88          4         40          0          0         72   _printf_hex_int.o
       176          0          0          0          0         84   _printf_intcommon.o
         2          0          0          0          0          0   _printf_percent.o
         4          0          0          0          0          0   _printf_percent_end.o
        10          0          0          0          0          0   _printf_x.o
       346          0          0          0          0         92   aeabi_sdiv.o
        12          0          0          0          0         64   exit.o
         8          0          0          0          0         60   ferror.o
         6          0          0          0          0        136   heapauxi.o
         2          0          0          0          0          0   libinit.o
         2          0          0          0          0          0   libinit2.o
         2          0          0          0          0          0   libshutdown.o
         2          0          0          0          0          0   libshutdown2.o
         8          4          0          0         96         68   libspace.o
       258          0          0          0          0         88   lludiv.o
        28          6          0          0          0         84   noretval__2printf.o
        64          0          0          0          0        108   rt_memclr.o
         2          0          0          0          0          0   rtexit.o
        10          0          0          0          0          0   rtexit2.o
        40          0          0          0          0         60   rtudiv10.o
        62          0          0          0          0         80   sys_stackheap_outer.o
         2          0          0          0          0         68   use_no_semi.o
         2          0          0          0          0         68   use_no_semi_2.o
        48          4          0          0          0         60   cmpret.o
       348          8          0          0          0        160   faddsub.o
       100          4          0          0          0         68   fcmpin.o
       352         10         64          0          0         92   fdiv.o
        48          0          0          0          0         60   ffixui.o
        94          0          0          0          0         92   fflti.o
        84          4          0          0          0         76   flef.o
       176          4          0          0          0         80   fmul.o
        16          6          0          0          0         68   fnan2.o
        88          4          0          0          0         76   frlef.o
        94          0          0          0          0         68   retnan.o
         0          0          0          0          0          0   usenofp.o

    ----------------------------------------------------------------------
      3040         96        104          0         96       2412   Library Totals
         2          0          0          0          0          0   (incl. Padding)

    ----------------------------------------------------------------------

      Code (inc. data)   RO Data    RW Data    ZI Data      Debug   Library Name

      1590         52         40          0         96       1512   c_p.l
      1448         44         64          0          0        900   fz_ps.l

    ----------------------------------------------------------------------
      3040         96        104          0         96       2412   Library Totals

    ----------------------------------------------------------------------

==============================================================================


      Code (inc. data)   RO Data    RW Data    ZI Data      Debug   

     20752       1356       8496         72       3368     401260   Grand Totals
     20752       1356       8496         72       3368     401260   ELF Image Totals
     20752       1356       8496         72          0          0   ROM Totals

==============================================================================

    Total RO  Size (Code + RO Data)                29248 (  28.56kB)
    Total RW  Size (RW Data + ZI Data)              3440 (   3.36kB)
    Total ROM Size (Code + RO Data + RW Data)      29320 (  28.63kB)

==============================================================================

